<html>
<body>
<pre>
<h1>µVision Build Log</h1>
<h2>Project:</h2>
C:\Users\Samantha\Box\EE 445L\ValvanoWareTM4C123\lab4\Blynk.uvproj
Project File Date:  10/02/2018

<h2>Output:</h2>
Build target 'Blynk'
linking...
Program Size: Code=12680 RO-data=2808 RW-data=280 ZI-data=2048  
".\Blynk.axf" - 0 Error(s), 0 Warning(s).
Load "C:\\Users\\Samantha\\Box\\EE 445L\\ValvanoWareTM4C123\\lab4\\Blynk.axf" 
Connecting: Mode=JTAG, Speed=1000000Hz
Connection failed!, error code=&d
Error: Flash Download failed  -  Target DLL has been cancelled
Load "C:\\Users\\Samantha\\Box\\EE 445L\\ValvanoWareTM4C123\\lab4\\Blynk.axf" 
Connecting: Mode=JTAG, Speed=1000000Hz
Erase Done.
Programming Done.
Verify OK.
</pre>
</body>
</html>
s
compiling line.c...
compiling Timer0A.c...
linking...
Program Size: Code=12680 RO-data=2808 RW-data=280 ZI-data=2048  
".\Blynk.axf" - 0 Error(s), 2 Warning(s).
Load "C:\\Users\\Samantha\\Box\\EE 445L\\ValvanoWareTM4C123\\lab4\\Blynk.axf" 
Connecting: Mode=JTAG, Speed=1000000Hz
Erase Done.
Programming Failed!
Error: Flash Download failed  -  "Cortex-M4"
Load "C:\\Users\\Samantha\\Box\\EE 445L\\ValvanoWareTM4C123\\lab4\\Blynk.axf" 
Connecting: Mode=JTAG, Speed=1000000Hz
Connection failed!, error code=&d
Error: Flash Download failed  -  Target DLL has been cancelled
Load "C:\\Users\\Samantha\\Box\\EE 445L\\ValvanoWareTM4C123\\lab4\\Blynk.axf" 
Connecting: Mode=JTAG, Speed=1000000Hz
Connection failed!, error code=&d
Error: Flash Download failed  -  Target DLL has been cancelled
Load "C:\\Users\\Samantha\\Box\\EE 445L\\ValvanoWareTM4C123\\lab4\\Blynk.axf" 
Connecting: Mode=JTAG, Speed=1000000Hz
Connection failed!, error code=&d
Error: Flash Download failed  -  Target DLL has been cancelled
