<html>
<body>
<pre>
<h1>µVision Build Log</h1>
<h2>Project:</h2>
C:\Users\logan\Documents\445L\Sample Projects\ValvanoWareTM4C123\Lab4_Blynk_4C123\Blynk.uvproj
Project File Date:  09/27/2018

<h2>Output:</h2>
Rebuild target 'Blynk'
assembling startup.s...
compiling PLL.c...
compiling UART.c...
compiling Blynk.c...
Blynk.c(144): warning:  #550-D: variable "thisF" was set but never used
    uint32_t thisF;
Blynk.c: 1 warning, 0 errors
compiling ST7735.c...
compiling Timer2.c...
compiling Timer3.c...
compiling esp8266.c...
compiling PortF.c...
compiling alarm.c...
compiling controller.c...
compiling line.c...
compiling Timer0A.c...
linking...
Program Size: Code=12640 RO-data=2808 RW-data=272 ZI-data=2048  
".\Blynk.axf" - 0 Error(s), 1 Warning(s).
Load "C:\\Users\\logan\\Documents\\445L\\Sample Projects\\ValvanoWareTM4C123\\Lab4_Blynk_4C123\\Blynk.axf" 
Connecting: Mode=JTAG, Speed=1000000Hz
Erase Done.
Programming Done.
Verify OK.
</pre>
</body>
</html>
ssages.
".\Blynk.axf" - 1 Error(s), 2 Warning(s).
Target not created
Documents\\445L\\Sample Projects\\ValvanoWareTM4C123\\Lab4_Blynk_4C123\\Blynk.axf" 
Connecting: Mode=JTAG, Speed=1000000Hz
Connection failed!, error code=&d
Error: Flash Download failed  -  Target DLL has been cancelled
Load "C:\\Users\\logan\\Documents\\445L\\Sample Projects\\ValvanoWareTM4C123\\Lab4_Blynk_4C123\\Blynk.axf" 
Connecting: Mode=JTAG, Speed=1000000Hz
Erase Done.
Programming Done.
Verify OK.
