ARM Linker, 5.03 [Build 76] [MDK-ARM Lite]

==============================================================================

Section Cross References

    startup.o(RESET) refers to startup.o(STACK) for StackMem
    startup.o(RESET) refers to uart.o(i.UART0_Handler) for UART0_Handler
    startup.o(RESET) refers to timer0a.o(i.Timer0A_Handler) for Timer0A_Handler
    startup.o(RESET) refers to alarm.o(i.Timer1A_Handler) for Timer1A_Handler
    startup.o(RESET) refers to timer2.o(i.Timer2A_Handler) for Timer2A_Handler
    startup.o(RESET) refers to timer3.o(i.Timer3A_Handler) for Timer3A_Handler
    startup.o(RESET) refers to esp8266.o(i.UART5_Handler) for UART5_Handler
    startup.o(RESET) refers to entry.o(.ARM.Collect$$$$00000000) for __main
    uart.o(i.RxFifo_Get) refers to uart.o(.data) for RxPutI
    uart.o(i.RxFifo_Get) refers to uart.o(.bss) for RxFifo
    uart.o(i.RxFifo_Init) refers to startup.o(.text) for StartCritical
    uart.o(i.RxFifo_Init) refers to uart.o(.data) for RxGetI
    uart.o(i.RxFifo_Put) refers to uart.o(.data) for RxPutI
    uart.o(i.RxFifo_Put) refers to uart.o(.bss) for RxFifo
    uart.o(i.RxFifo_Size) refers to uart.o(.data) for RxPutI
    uart.o(i.TxFifo_Get) refers to uart.o(.data) for TxPutI
    uart.o(i.TxFifo_Get) refers to uart.o(.bss) for TxFifo
    uart.o(i.TxFifo_Init) refers to startup.o(.text) for StartCritical
    uart.o(i.TxFifo_Init) refers to uart.o(.data) for TxGetI
    uart.o(i.TxFifo_Put) refers to uart.o(.data) for TxPutI
    uart.o(i.TxFifo_Put) refers to uart.o(.bss) for TxFifo
    uart.o(i.TxFifo_Size) refers to uart.o(.data) for TxPutI
    uart.o(i.UART0_Handler) refers to uart.o(i.copySoftwareToHardware) for copySoftwareToHardware
    uart.o(i.UART0_Handler) refers to uart.o(i.TxFifo_Size) for TxFifo_Size
    uart.o(i.UART0_Handler) refers to uart.o(i.copyHardwareToSoftware) for copyHardwareToSoftware
    uart.o(i.UART_InChar) refers to uart.o(i.RxFifo_Get) for RxFifo_Get
    uart.o(i.UART_InCharNonBlock) refers to uart.o(i.RxFifo_Get) for RxFifo_Get
    uart.o(i.UART_InString) refers to uart.o(i.UART_InChar) for UART_InChar
    uart.o(i.UART_InString) refers to uart.o(i.UART_OutChar) for UART_OutChar
    uart.o(i.UART_InUDec) refers to uart.o(i.UART_InChar) for UART_InChar
    uart.o(i.UART_InUDec) refers to uart.o(i.UART_OutChar) for UART_OutChar
    uart.o(i.UART_InUHex) refers to uart.o(i.UART_InChar) for UART_InChar
    uart.o(i.UART_InUHex) refers to uart.o(i.UART_OutChar) for UART_OutChar
    uart.o(i.UART_Init) refers to uart.o(i.RxFifo_Init) for RxFifo_Init
    uart.o(i.UART_Init) refers to uart.o(i.TxFifo_Init) for TxFifo_Init
    uart.o(i.UART_Init) refers to startup.o(.text) for EnableInterrupts
    uart.o(i.UART_OutChar) refers to uart.o(i.TxFifo_Put) for TxFifo_Put
    uart.o(i.UART_OutChar) refers to uart.o(i.copySoftwareToHardware) for copySoftwareToHardware
    uart.o(i.UART_OutString) refers to uart.o(i.UART_OutChar) for UART_OutChar
    uart.o(i.UART_OutUDec) refers to uart.o(i.UART_OutChar) for UART_OutChar
    uart.o(i.UART_OutUHex) refers to uart.o(i.UART_OutChar) for UART_OutChar
    uart.o(i.copyHardwareToSoftware) refers to uart.o(i.RxFifo_Put) for RxFifo_Put
    uart.o(i.copyHardwareToSoftware) refers to uart.o(i.RxFifo_Size) for RxFifo_Size
    uart.o(i.copySoftwareToHardware) refers to uart.o(i.TxFifo_Get) for TxFifo_Get
    uart.o(i.copySoftwareToHardware) refers to uart.o(i.TxFifo_Size) for TxFifo_Size
    blynk.o(i.Blynk_to_TM4C) refers to esp8266.o(i.ESP8266_GetMessage) for ESP8266_GetMessage
    blynk.o(i.Blynk_to_TM4C) refers to uart.o(i.UART_OutChar) for UART_OutChar
    blynk.o(i.Blynk_to_TM4C) refers to strtok.o(.text) for strtok
    blynk.o(i.Blynk_to_TM4C) refers to strcpy.o(.text) for strcpy
    blynk.o(i.Blynk_to_TM4C) refers to atoi.o(.text) for atoi
    blynk.o(i.Blynk_to_TM4C) refers to portf.o(i.PortF_Output) for PortF_Output
    blynk.o(i.Blynk_to_TM4C) refers to st7735.o(i.Output_Color) for Output_Color
    blynk.o(i.Blynk_to_TM4C) refers to st7735.o(i.ST7735_OutString) for ST7735_OutString
    blynk.o(i.Blynk_to_TM4C) refers to st7735.o(i.ST7735_OutUDec) for ST7735_OutUDec
    blynk.o(i.Blynk_to_TM4C) refers to st7735.o(i.ST7735_OutChar) for ST7735_OutChar
    blynk.o(i.Blynk_to_TM4C) refers to uart.o(i.UART_OutString) for UART_OutString
    blynk.o(i.Blynk_to_TM4C) refers to blynk.o(.bss) for serial_buf
    blynk.o(i.Blynk_to_TM4C) refers to blynk.o(.data) for Pin_Number
    blynk.o(i.Blynk_to_TM4C) refers to controller.o(.data) for sw1
    blynk.o(i.SendInformation) refers to portf.o(i.PortF_Input) for PortF_Input
    blynk.o(i.SendInformation) refers to blynk.o(i.TM4C_to_Blynk) for TM4C_to_Blynk
    blynk.o(i.SendInformation) refers to st7735.o(i.Output_Color) for Output_Color
    blynk.o(i.SendInformation) refers to st7735.o(i.ST7735_OutString) for ST7735_OutString
[...]
    printf4.o(i.__0vsnprintf$4) refers to printf4.o(i._printf_core) for _printf_core
    printf4.o(i.__0vsnprintf$4) refers to printf4.o(i._snputc) for _snputc
    printf4.o(i.__0vsprintf$4) refers to printf4.o(i._printf_core) for _printf_core
    printf4.o(i.__0vsprintf$4) refers to printf4.o(i._sputc) for _sputc
    printf4.o(i._printf_core) refers to uldiv.o(.text) for __aeabi_uldivmod
    printf5.o(i.__0fprintf$5) refers to printf5.o(i._printf_core) for _printf_core
    printf5.o(i.__0fprintf$5) refers to st7735.o(i.fputc) for fputc
    printf5.o(i.__0printf$5) refers to printf5.o(i._printf_core) for _printf_core
    printf5.o(i.__0printf$5) refers to st7735.o(i.fputc) for fputc
    printf5.o(i.__0printf$5) refers to stdout.o(.data) for __stdout
    printf5.o(i.__0snprintf$5) refers to printf5.o(i._printf_core) for _printf_core
    printf5.o(i.__0snprintf$5) refers to printf5.o(i._snputc) for _snputc
    printf5.o(i.__0sprintf$5) refers to printf5.o(i._printf_core) for _printf_core
    printf5.o(i.__0sprintf$5) refers to printf5.o(i._sputc) for _sputc
    printf5.o(i.__0vfprintf$5) refers to printf5.o(i._printf_core) for _printf_core
    printf5.o(i.__0vfprintf$5) refers to st7735.o(i.fputc) for fputc
    printf5.o(i.__0vprintf$5) refers to printf5.o(i._printf_core) for _printf_core
    printf5.o(i.__0vprintf$5) refers to st7735.o(i.fputc) for fputc
    printf5.o(i.__0vprintf$5) refers to stdout.o(.data) for __stdout
    printf5.o(i.__0vsnprintf$5) refers to printf5.o(i._printf_core) for _printf_core
    printf5.o(i.__0vsnprintf$5) refers to printf5.o(i._snputc) for _snputc
    printf5.o(i.__0vsprintf$5) refers to printf5.o(i._printf_core) for _printf_core
    printf5.o(i.__0vsprintf$5) refers to printf5.o(i._sputc) for _sputc
    printf5.o(i._printf_core) refers to uldiv.o(.text) for __aeabi_uldivmod
    printf6.o(i.__0fprintf$6) refers to printf6.o(i._printf_core) for _printf_core
    printf6.o(i.__0fprintf$6) refers to st7735.o(i.fputc) for fputc
    printf6.o(i.__0printf$6) refers to printf6.o(i._printf_core) for _printf_core
    printf6.o(i.__0printf$6) refers to st7735.o(i.fputc) for fputc
    printf6.o(i.__0printf$6) refers to stdout.o(.data) for __stdout
    printf6.o(i.__0snprintf$6) refers to printf6.o(i._printf_core) for _printf_core
    printf6.o(i.__0snprintf$6) refers to printf6.o(i._snputc) for _snputc
    printf6.o(i.__0sprintf$6) refers to printf6.o(i._printf_core) for _printf_core
    printf6.o(i.__0sprintf$6) refers to printf6.o(i._sputc) for _sputc
    printf6.o(i.__0vfprintf$6) refers to printf6.o(i._printf_core) for _printf_core
    printf6.o(i.__0vfprintf$6) refers to st7735.o(i.fputc) for fputc
    printf6.o(i.__0vprintf$6) refers to printf6.o(i._printf_core) for _printf_core
    printf6.o(i.__0vprintf$6) refers to st7735.o(i.fputc) for fputc
    printf6.o(i.__0vprintf$6) refers to stdout.o(.data) for __stdout
    printf6.o(i.__0vsnprintf$6) refers to printf6.o(i._printf_core) for _printf_core
    printf6.o(i.__0vsnprintf$6) refers to printf6.o(i._snputc) for _snputc
    printf6.o(i.__0vsprintf$6) refers to printf6.o(i._printf_core) for _printf_core
    printf6.o(i.__0vsprintf$6) refers to printf6.o(i._sputc) for _sputc
    printf6.o(i._printf_core) refers to printf6.o(i._printf_pre_padding) for _printf_pre_padding
    printf6.o(i._printf_core) refers to uidiv.o(.text) for __aeabi_uidivmod
    printf6.o(i._printf_core) refers to printf6.o(i._printf_post_padding) for _printf_post_padding
    printf7.o(i.__0fprintf$7) refers to printf7.o(i._printf_core) for _printf_core
    printf7.o(i.__0fprintf$7) refers to st7735.o(i.fputc) for fputc
    printf7.o(i.__0printf$7) refers to printf7.o(i._printf_core) for _printf_core
    printf7.o(i.__0printf$7) refers to st7735.o(i.fputc) for fputc
    printf7.o(i.__0printf$7) refers to stdout.o(.data) for __stdout
    printf7.o(i.__0snprintf$7) refers to printf7.o(i._printf_core) for _printf_core
    printf7.o(i.__0snprintf$7) refers to printf7.o(i._snputc) for _snputc
    printf7.o(i.__0sprintf$7) refers to printf7.o(i._printf_core) for _printf_core
    printf7.o(i.__0sprintf$7) refers to printf7.o(i._sputc) for _sputc
    printf7.o(i.__0vfprintf$7) refers to printf7.o(i._printf_core) for _printf_core
    printf7.o(i.__0vfprintf$7) refers to st7735.o(i.fputc) for fputc
    printf7.o(i.__0vprintf$7) refers to printf7.o(i._printf_core) for _printf_core
    printf7.o(i.__0vprintf$7) refers to st7735.o(i.fputc) for fputc
    printf7.o(i.__0vprintf$7) refers to stdout.o(.data) for __stdout
    printf7.o(i.__0vsnprintf$7) refers to printf7.o(i._printf_core) for _printf_core
    printf7.o(i.__0vsnprintf$7) refers to printf7.o(i._snputc) for _snputc
    printf7.o(i.__0vsprintf$7) refers to printf7.o(i._printf_core) for _printf_core
    printf7.o(i.__0vsprintf$7) refers to printf7.o(i._sputc) for _sputc
    printf7.o(i._printf_core) refers to printf7.o(i._printf_pre_padding) for _printf_pre_padding
    printf7.o(i._printf_core) refers to uldiv.o(.text) for __aeabi_uldivmod
    printf7.o(i._printf_core) refers to printf7.o(i._printf_post_padding) for _printf_post_padding
    printf8.o(i.__0fprintf$8) refers to printf8.o(i._printf_core) for _printf_core
    printf8.o(i.__0fprintf$8) refers to st7735.o(i.fputc) for fputc
    printf8.o(i.__0printf$8) refers to printf8.o(i._printf_core) for _printf_core
    printf8.o(i.__0printf$8) refers to st7735.o(i.fputc) for fputc
    printf8.o(i.__0printf$8) refers to stdout.o(.data) for __stdout
    printf8.o(i.__0snprintf$8) refers to printf8.o(i._printf_core) for _printf_core
    printf8.o(i.__0snprintf$8) refers to printf8.o(i._snputc) for _snputc
    printf8.o(i.__0sprintf$8) refers to printf8.o(i._printf_core) for _printf_core
    printf8.o(i.__0sprintf$8) refers to printf8.o(i._sputc) for _sputc
    printf8.o(i.__0vfprintf$8) refers to printf8.o(i._printf_core) for _printf_core
    printf8.o(i.__0vfprintf$8) refers to st7735.o(i.fputc) for fputc
    printf8.o(i.__0vprintf$8) refers to printf8.o(i._printf_core) for _printf_core
    printf8.o(i.__0vprintf$8) refers to st7735.o(i.fputc) for fputc
    printf8.o(i.__0vprintf$8) refers to stdout.o(.data) for __stdout
    printf8.o(i.__0vsnprintf$8) refers to printf8.o(i._printf_core) for _printf_core
    printf8.o(i.__0vsnprintf$8) refers to printf8.o(i._snputc) for _snputc
    printf8.o(i.__0vsprintf$8) refers to printf8.o(i._printf_core) for _printf_core
    printf8.o(i.__0vsprintf$8) refers to printf8.o(i._sputc) for _sputc
    printf8.o(i._printf_core) refers to printf8.o(i._printf_pre_padding) for _printf_pre_padding
    printf8.o(i._printf_core) refers to uldiv.o(.text) for __aeabi_uldivmod
    printf8.o(i._printf_core) refers to printf8.o(i._printf_post_padding) for _printf_post_padding
    printfa.o(i.__0fprintf) refers (Special) to iusefp.o(.text) for __I$use$fp
    printfa.o(i.__0fprintf) refers to printfa.o(i._printf_core) for _printf_core
    printfa.o(i.__0fprintf) refers to st7735.o(i.fputc) for fputc
    printfa.o(i.__0printf) refers (Special) to iusefp.o(.text) for __I$use$fp
    printfa.o(i.__0printf) refers to printfa.o(i._printf_core) for _printf_core
    printfa.o(i.__0printf) refers to st7735.o(i.fputc) for fputc
    printfa.o(i.__0printf) refers to stdout.o(.data) for __stdout
    printfa.o(i.__0snprintf) refers (Special) to iusefp.o(.text) for __I$use$fp
    printfa.o(i.__0snprintf) refers to printfa.o(i._printf_core) for _printf_core
    printfa.o(i.__0snprintf) refers to printfa.o(i._snputc) for _snputc
    printfa.o(i.__0sprintf) refers (Special) to iusefp.o(.text) for __I$use$fp
    printfa.o(i.__0sprintf) refers to printfa.o(i._printf_core) for _printf_core
    printfa.o(i.__0sprintf) refers to printfa.o(i._sputc) for _sputc
    printfa.o(i.__0vfprintf) refers (Special) to iusefp.o(.text) for __I$use$fp
    printfa.o(i.__0vfprintf) refers to printfa.o(i._printf_core) for _printf_core
    printfa.o(i.__0vfprintf) refers to st7735.o(i.fputc) for fputc
    printfa.o(i.__0vprintf) refers (Special) to iusefp.o(.text) for __I$use$fp
    printfa.o(i.__0vprintf) refers to printfa.o(i._printf_core) for _printf_core
    printfa.o(i.__0vprintf) refers to st7735.o(i.fputc) for fputc
    printfa.o(i.__0vprintf) refers to stdout.o(.data) for __stdout
    printfa.o(i.__0vsnprintf) refers (Special) to iusefp.o(.text) for __I$use$fp
    printfa.o(i.__0vsnprintf) refers to printfa.o(i._printf_core) for _printf_core
    printfa.o(i.__0vsnprintf) refers to printfa.o(i._snputc) for _snputc
    printfa.o(i.__0vsprintf) refers (Special) to iusefp.o(.text) for __I$use$fp
    printfa.o(i.__0vsprintf) refers to printfa.o(i._printf_core) for _printf_core
    printfa.o(i.__0vsprintf) refers to printfa.o(i._sputc) for _sputc
    printfa.o(i._fp_digits) refers (Special) to iusefp.o(.text) for __I$use$fp
    printfa.o(i._fp_digits) refers to dmul.o(.text) for __aeabi_dmul
    printfa.o(i._fp_digits) refers to ddiv.o(.text) for __aeabi_ddiv
    printfa.o(i._fp_digits) refers to cdrcmple.o(.text) for __aeabi_cdrcmple
    printfa.o(i._fp_digits) refers to dadd.o(.text) for __aeabi_dadd
    printfa.o(i._fp_digits) refers to dfixul.o(.text) for __aeabi_d2ulz
    printfa.o(i._fp_digits) refers to uldiv.o(.text) for __aeabi_uldivmod
    printfa.o(i._printf_core) refers (Special) to iusefp.o(.text) for __I$use$fp
    printfa.o(i._printf_core) refers to printfa.o(i._printf_pre_padding) for _printf_pre_padding
    printfa.o(i._printf_core) refers to uldiv.o(.text) for __aeabi_uldivmod
    printfa.o(i._printf_core) refers to printfa.o(i._printf_post_padding) for _printf_post_padding
    printfa.o(i._printf_core) refers to printfa.o(i._fp_digits) for _fp_digits
    printfa.o(i._printf_core) refers to uidiv.o(.text) for __aeabi_uidivmod
    printfa.o(i._printf_post_padding) refers (Special) to iusefp.o(.text) for __I$use$fp
    printfa.o(i._printf_pre_padding) refers (Special) to iusefp.o(.text) for __I$use$fp
    printfa.o(i._snputc) refers (Special) to iusefp.o(.text) for __I$use$fp
    printfa.o(i._sputc) refers (Special) to iusefp.o(.text) for __I$use$fp
    atoi.o(.text) refers to errno.o(i.__aeabi_errno_addr) for __aeabi_errno_addr
    atoi.o(.text) refers to strtol.o(.text) for strtol
    dadd.o(.text) refers (Special) to iusefp.o(.text) for __I$use$fp
    dadd.o(.text) refers to llshl.o(.text) for __aeabi_llsl
    dadd.o(.text) refers to llsshr.o(.text) for __aeabi_lasr
    dadd.o(.text) refers to depilogue.o(.text) for _double_epilogue
    dmul.o(.text) refers (Special) to iusefp.o(.text) for __I$use$fp
    dmul.o(.text) refers to depilogue.o(.text) for _double_epilogue
    dflti.o(.text) refers (Special) to iusefp.o(.text) for __I$use$fp
    dflti.o(.text) refers to depilogue.o(.text) for _double_epilogue
    cdcmple.o(.text) refers (Special) to iusefp.o(.text) for __I$use$fp
    cdrcmple.o(.text) refers (Special) to iusefp.o(.text) for __I$use$fp
    entry2.o(.ARM.Collect$$$$00000001) refers to entry2.o(.ARM.Collect$$$$00002712) for __lit__00000000
    entry2.o(.ARM.Collect$$$$00002712) refers to startup.o(STACK) for __initial_sp
    entry2.o(__vectab_stack_and_reset_area) refers to startup.o(STACK) for __initial_sp
    entry2.o(__vectab_stack_and_reset_area) refers to entry.o(.ARM.Collect$$$$00000000) for __main
    entry5.o(.ARM.Collect$$$$00000004) refers to init.o(.text) for __scatterload
    entry9a.o(.ARM.Collect$$$$0000000B) refers to blynk.o(i.main) for main
    entry9b.o(.ARM.Collect$$$$0000000C) refers to blynk.o(i.main) for main
    uldiv.o(.text) refers to llushr.o(.text) for __aeabi_llsr
    uldiv.o(.text) refers to llshl.o(.text) for __aeabi_llsl
    errno.o(i.__aeabi_errno_addr) refers to errno.o(.data) for .data
    errno.o(i.__read_errno) refers to errno.o(.data) for .data
    errno.o(i.__set_errno) refers to errno.o(.data) for .data
    strtol.o(.text) refers to ctype_o.o(.text) for __rt_ctype_table
    strtol.o(.text) refers to _strtoul.o(.text) for _strtoul
    strtol.o(.text) refers to errno.o(i.__aeabi_errno_addr) for __aeabi_errno_addr
    depilogue.o(.text) refers to llshl.o(.text) for __aeabi_llsl
    depilogue.o(.text) refers to llushr.o(.text) for __aeabi_llsr
    ddiv.o(.text) refers to depilogue.o(.text) for _double_round
    dfixul.o(.text) refers to llushr.o(.text) for __aeabi_llsr
    dfixul.o(.text) refers to llshl.o(.text) for __aeabi_llsl
    init.o(.text) refers to entry5.o(.ARM.Collect$$$$00000004) for __main_after_scatterload
    ctype_o.o(.text) refers to ctype_o.o(.constdata) for .constdata
    ctype_o.o(.constdata) refers to ctype_o.o(.constdata) for __ctype_table
    isalnum_o.o(.text) refers to ctype_o.o(.text) for __rt_ctype_table
    isalpha_o.o(.text) refers to ctype_o.o(.text) for __rt_ctype_table
    isblank_o.o(.text) refers to ctype_o.o(.constdata) for __ctype_table
    iscntrl_o.o(.text) refers to ctype_o.o(.text) for __rt_ctype_table
    isdigit_o.o(.text) refers to ctype_o.o(.text) for __rt_ctype_table
    isgraph_o.o(.text) refers to ctype_o.o(.text) for __rt_ctype_table
    islower_o.o(.text) refers to ctype_o.o(.text) for __rt_ctype_table
    isprint_o.o(.text) refers to ctype_o.o(.text) for __rt_ctype_table
    ispunct_o.o(.text) refers to ctype_o.o(.text) for __rt_ctype_table
    isspace_o.o(.text) refers to ctype_o.o(.text) for __rt_ctype_table
    isupper_o.o(.text) refers to ctype_o.o(.text) for __rt_ctype_table
    isxdigit_o.o(.text) refers to ctype_o.o(.text) for __rt_ctype_table
    _strtoul.o(.text) refers to _chval.o(.text) for _chval
    _strtoul.o(.text) refers to errno.o(i.__aeabi_errno_addr) for __aeabi_errno_addr


==============================================================================

Removing Unused input sections from the image.

    Removing startup.o(HEAP), (0 bytes).
    Removing uart.o(i.RxFifo_Get), (60 bytes).
    Removing uart.o(i.RxFifo_Init), (36 bytes).
    Removing uart.o(i.TxFifo_Init), (36 bytes).
    Removing uart.o(i.UART_InChar), (20 bytes).
    Removing uart.o(i.UART_InCharNonBlock), (20 bytes).
    Removing uart.o(i.UART_InString), (70 bytes).
    Removing uart.o(i.UART_InUDec), (76 bytes).
    Removing uart.o(i.UART_InUHex), (108 bytes).
    Removing uart.o(i.UART_Init), (204 bytes).
    Removing uart.o(i.UART_OutUDec), (42 bytes).
    Removing uart.o(i.UART_OutUHex), (52 bytes).
    Removing st7735.o(i.Output_Clear), (10 bytes).
    Removing st7735.o(i.Output_Init), (16 bytes).
    Removing st7735.o(i.Output_Off), (8 bytes).
    Removing st7735.o(i.Output_On), (8 bytes).
    Removing st7735.o(i.ST7735_Color565), (24 bytes).
    Removing st7735.o(i.ST7735_DrawBitmap), (292 bytes).
    Removing st7735.o(i.ST7735_DrawCircle), (172 bytes).
    Removing st7735.o(i.ST7735_DrawFastHLine), (128 bytes).
    Removing st7735.o(i.ST7735_DrawFastVLine), (128 bytes).
    Removing st7735.o(i.ST7735_DrawSmallCircle), (172 bytes).
    Removing st7735.o(i.ST7735_InitB), (40 bytes).
    Removing st7735.o(i.ST7735_InvertDisplay), (26 bytes).
    Removing st7735.o(i.ST7735_PlotBar), (88 bytes).
    Removing st7735.o(i.ST7735_PlotClear), (92 bytes).
    Removing st7735.o(i.ST7735_PlotLine), (264 bytes).
    Removing st7735.o(i.ST7735_PlotNext), (32 bytes).
    Removing st7735.o(i.ST7735_PlotNextErase), (64 bytes).
    Removing st7735.o(i.ST7735_PlotPoint), (152 bytes).
    Removing st7735.o(i.ST7735_PlotPoints), (172 bytes).
    Removing st7735.o(i.ST7735_PlotdBfs), (60 bytes).
    Removing st7735.o(i.ST7735_SetRotation), (216 bytes).
    Removing st7735.o(i.ST7735_SwapColor), (18 bytes).
    Removing st7735.o(i.ferror), (8 bytes).
    Removing st7735.o(i.fgetc), (6 bytes).
    Removing st7735.o(i.fputc), (16 bytes).
    Removing esp8266.o(i.ESP8266_AvailableInput), (8 bytes).
    Removing alarm.o(.data), (4 bytes).
    Removing line.o(i.test), (48 bytes).
    Removing timer0a.o(.data), (4 bytes).
    Removing ddiv.o(.text), (222 bytes).
    Removing dfixul.o(.text), (48 bytes).

43 unused section(s) (total 3270 bytes) removed from the image.

==============================================================================

Image Symbol Table

    Local Symbols

    Symbol Name                              Value     Ov Type        Size  Object(Section)

    RESET                                    0x00000000   Section      644  startup.o(RESET)
    ../clib/microlib/ctype/ctype.c           0x00000000   Number         0  isxdigit_o.o ABSOLUTE
    ../clib/microlib/ctype/ctype.c           0x00000000   Number         0  isblank_o.o ABSOLUTE
    ../clib/microlib/ctype/ctype.c           0x00000000   Number         0  iscntrl_o.o ABSOLUTE
    ../clib/microlib/ctype/ctype.c           0x00000000   Number         0  isdigit_o.o ABSOLUTE
    ../clib/microlib/ctype/ctype.c           0x00000000   Number         0  isgraph_o.o ABSOLUTE
    ../clib/microlib/ctype/ctype.c           0x00000000   Number         0  islower_o.o ABSOLUTE
    ../clib/microlib/ctype/ctype.c           0x00000000   Number         0  isupper_o.o ABSOLUTE
    ../clib/microlib/ctype/ctype.c           0x00000000   Number         0  isprint_o.o ABSOLUTE
    ../clib/microlib/ctype/ctype.c           0x00000000   Number         0  ispunct_o.o ABSOLUTE
    ../clib/microlib/ctype/ctype.c           0x00000000   Number         0  isspace_o.o ABSOLUTE
    ../clib/microlib/ctype/ctype.c           0x00000000   Number         0  ctype_o.o ABSOLUTE
    ../clib/microlib/ctype/ctype.c           0x00000000   Number         0  isalnum_o.o ABSOLUTE
    ../clib/microlib/ctype/ctype.c           0x00000000   Number         0  isalpha_o.o ABSOLUTE
    ../clib/microlib/division.c              0x00000000   Number         0  uidiv.o ABSOLUTE
    ../clib/microlib/division.c              0x00000000   Number         0  uldiv.o ABSOLUTE
    ../clib/microlib/errno.c                 0x00000000   Number         0  errno.o ABSOLUTE
    ../clib/microlib/init/entry.s            0x00000000   Number         0  entry10b.o ABSOLUTE
    ../clib/microlib/init/entry.s            0x00000000   Number         0  entry9a.o ABSOLUTE
    ../clib/microlib/init/entry.s            0x00000000   Number         0  entry8a.o ABSOLUTE
    ../clib/microlib/init/entry.s            0x00000000   Number         0  entry9b.o ABSOLUTE
    ../clib/microlib/init/entry.s            0x00000000   Number         0  entry10a.o ABSOLUTE
    ../clib/microlib/init/entry.s            0x00000000   Number         0  entry8b.o ABSOLUTE
    ../clib/microlib/init/entry.s            0x00000000   Number         0  entry7b.o ABSOLUTE
    ../clib/microlib/init/entry.s            0x00000000   Number         0  entry7a.o ABSOLUTE
    ../clib/microlib/init/entry.s            0x00000000   Number         0  entry5.o ABSOLUTE
    ../clib/microlib/init/entry.s            0x00000000   Number         0  entry2.o ABSOLUTE
    ../clib/microlib/init/entry.s            0x00000000   Number         0  entry11a.o ABSOLUTE
    ../clib/microlib/init/entry.s            0x00000000   Number         0  entry11b.o ABSOLUTE
    ../clib/microlib/init/entry.s            0x00000000   Number         0  entry.o ABSOLUTE
    ../clib/microlib/longlong.c              0x00000000   Number         0  llsshr.o ABSOLUTE
    ../clib/microlib/longlong.c              0x00000000   Number         0  llshl.o ABSOLUTE
    ../clib/microlib/longlong.c              0x00000000   Number         0  llushr.o ABSOLUTE
    ../clib/microlib/printf/printf.c         0x00000000   Number         0  printfa.o ABSOLUTE
    ../clib/microlib/printf/printf.c         0x00000000   Number         0  printf8.o ABSOLUTE
    ../clib/microlib/printf/printf.c         0x00000000   Number         0  printf7.o ABSOLUTE
    ../clib/microlib/printf/printf.c         0x00000000   Number         0  printf5.o ABSOLUTE
    ../clib/microlib/printf/printf.c         0x00000000   Number         0  printfb.o ABSOLUTE
    ../clib/microlib/printf/printf.c         0x00000000   Number         0  printf0.o ABSOLUTE
    ../clib/microlib/printf/printf.c         0x00000000   Number         0  printf1.o ABSOLUTE
    ../clib/microlib/printf/printf.c         0x00000000   Number         0  printf2.o ABSOLUTE
    ../clib/microlib/printf/printf.c         0x00000000   Number         0  printf3.o ABSOLUTE
    ../clib/microlib/printf/printf.c         0x00000000   Number         0  printf4.o ABSOLUTE
    ../clib/microlib/printf/printf.c         0x00000000   Number         0  printf6.o ABSOLUTE
    ../clib/microlib/printf/stubs.s          0x00000000   Number         0  stubs.o ABSOLUTE
    ../clib/microlib/stdio/streams.c         0x00000000   Number         0  stdout.o ABSOLUTE
    ../clib/microlib/string/strcpy.c         0x00000000   Number         0  strcpy.o ABSOLUTE
    ../clib/microlib/string/strtok.c         0x00000000   Number         0  strtok.o ABSOLUTE
    ../clib/microlib/string/strtok.c         0x00000000   Number         0  strtok_r.o ABSOLUTE
    ../clib/microlib/stubs.s                 0x00000000   Number         0  iusefp.o ABSOLUTE
    ../clib/scanf.c                          0x00000000   Number         0  atoi.o ABSOLUTE
    ../clib/scanf.c                          0x00000000   Number         0  strtol.o ABSOLUTE
    ../clib/scanf.c                          0x00000000   Number         0  _chval.o ABSOLUTE
    ../clib/scanf.c                          0x00000000   Number         0  _strtoul.o ABSOLUTE
    ../fplib/microlib/fpadd.c                0x00000000   Number         0  dadd.o ABSOLUTE
    ../fplib/microlib/fpdiv.c                0x00000000   Number         0  ddiv.o ABSOLUTE
    ../fplib/microlib/fpepilogue.c           0x00000000   Number         0  depilogue.o ABSOLUTE
    ../fplib/microlib/fpfix.c                0x00000000   Number         0  dfixul.o ABSOLUTE
    ../fplib/microlib/fpflt.c                0x00000000   Number         0  dflti.o ABSOLUTE
    ../fplib/microlib/fpmul.c                0x00000000   Number         0  dmul.o ABSOLUTE
    Blynk.c                                  0x00000000   Number         0  blynk.o ABSOLUTE
    PLL.c                                    0x00000000   Number         0  pll.o ABSOLUTE
    PortF.c                                  0x00000000   Number         0  portf.o ABSOLUTE
    ST7735.c                                 0x00000000   Number         0  st7735.o ABSOLUTE
    Timer0A.c                                0x00000000   Number         0  timer0a.o ABSOLUTE
    Timer2.c                                 0x00000000   Number         0  timer2.o ABSOLUTE
    Timer3.c                                 0x00000000   Number         0  timer3.o ABSOLUTE
    UART.c                                   0x00000000   Number         0  uart.o ABSOLUTE
    alarm.c                                  0x00000000   Number         0  alarm.o ABSOLUTE
    cdcmple.s                                0x00000000   Number         0  cdcmple.o ABSOLUTE
    cdrcmple.s                               0x00000000   Number         0  cdrcmple.o ABSOLUTE
    controller.c                             0x00000000   Number         0  controller.o ABSOLUTE
    dc.s                                     0x00000000   Number         0  dc.o ABSOLUTE
    esp8266.c                                0x00000000   Number         0  esp8266.o ABSOLUTE
    handlers.s                               0x00000000   Number         0  handlers.o ABSOLUTE
    init.s                                   0x00000000   Number         0  init.o ABSOLUTE
    line.c                                   0x00000000   Number         0  line.o ABSOLUTE
    startup.s                                0x00000000   Number         0  startup.o ABSOLUTE
    .ARM.Collect$$$$00000000                 0x00000284   Section        0  entry.o(.ARM.Collect$$$$00000000)
    .ARM.Collect$$$$00000001                 0x00000284   Section        4  entry2.o(.ARM.Collect$$$$00000001)
    .ARM.Collect$$$$00000004                 0x00000288   Section        4  entry5.o(.ARM.Collect$$$$00000004)
    .ARM.Collect$$$$00000008                 0x0000028c   Section        0  entry7b.o(.ARM.Collect$$$$00000008)
    .ARM.Collect$$$$0000000A                 0x0000028c   Section        0  entry8b.o(.ARM.Collect$$$$0000000A)
    .ARM.Collect$$$$0000000B                 0x0000028c   Section        8  entry9a.o(.ARM.Collect$$$$0000000B)
    .ARM.Collect$$$$0000000D                 0x00000294   Section        0  entry10a.o(.ARM.Collect$$$$0000000D)
    .ARM.Collect$$$$0000000F                 0x00000294   Section        0  entry11a.o(.ARM.Collect$$$$0000000F)
    .ARM.Collect$$$$00002712                 0x00000294   Section        4  entry2.o(.ARM.Collect$$$$00002712)
    __lit__00000000                          0x00000294   Data           4  entry2.o(.ARM.Collect$$$$00002712)
    .text                                    0x00000298   Section       28  startup.o(.text)
    .text                                    0x000002b4   Section        0  strcpy.o(.text)
    .text                                    0x000002c8   Section        0  strtok.o(.text)
    .text                                    0x0000030c   Section        0  atoi.o(.text)
    .text                                    0x00000326   Section        0  dadd.o(.text)
    .text                                    0x00000474   Section        0  dmul.o(.text)
    .text                                    0x00000558   Section        0  dflti.o(.text)
    .text                                    0x0000057c   Section       40  cdcmple.o(.text)
    .text                                    0x000005a4   Section       40  cdrcmple.o(.text)
    .text                                    0x000005cc   Section        0  uidiv.o(.text)
    .text                                    0x000005f8   Section        0  llshl.o(.text)
    .text                                    0x00000616   Section        0  llsshr.o(.text)
    .text                                    0x0000063a   Section        0  strtol.o(.text)
    .text                                    0x000006aa   Section        0  depilogue.o(.text)
    .text                                    0x000006aa   Section        0  iusefp.o(.text)
    .text                                    0x00000768   Section       36  init.o(.text)
    .text                                    0x0000078c   Section        0  llushr.o(.text)
    .text                                    0x000007ac   Section        0  ctype_o.o(.text)
    .text                                    0x000007b4   Section        0  _strtoul.o(.text)
    .text                                    0x00000852   Section        0  _chval.o(.text)
    i.Alarm_Off                              0x00000870   Section        0  alarm.o(i.Alarm_Off)
    i.Alarm_On                               0x0000087c   Section        0  alarm.o(i.Alarm_On)
    i.Blynk_to_TM4C                          0x00000888   Section        0  blynk.o(i.Blynk_to_TM4C)
    i.Delay1ms                               0x00000a10   Section        0  st7735.o(i.Delay1ms)
    i.DelayMs                                0x00000a30   Section        0  esp8266.o(i.DelayMs)
    i.DelayWait10ms                          0x00000a50   Section        0  controller.o(i.DelayWait10ms)
    i.DrawLineDown                           0x00000a70   Section        0  line.o(i.DrawLineDown)
    i.DrawLineUp                             0x00000b48   Section        0  line.o(i.DrawLineUp)
    i.ESP8266_GetMessage                     0x00000c20   Section        0  esp8266.o(i.ESP8266_GetMessage)
    i.ESP8266_Init                           0x00000c70   Section        0  esp8266.o(i.ESP8266_Init)
    i.ESP8266_OutChar                        0x00000cf8   Section        0  esp8266.o(i.ESP8266_OutChar)
    i.ESP8266_OutString                      0x00000d2c   Section        0  esp8266.o(i.ESP8266_OutString)
    i.ESP8266_OutUDec                        0x00000d44   Section        0  esp8266.o(i.ESP8266_OutUDec)
    i.ESP8266_Reset                          0x00000d70   Section        0  esp8266.o(i.ESP8266_Reset)
    i.ESP8266_SetupWiFi                      0x00000e68   Section        0  esp8266.o(i.ESP8266_SetupWiFi)
    i.InitializeGlobals                      0x00001080   Section        0  controller.o(i.InitializeGlobals)
    i.Output_Color                           0x000010d4   Section        0  st7735.o(i.Output_Color)
    i.PLL_Init                               0x000010e0   Section        0  pll.o(i.PLL_Init)
    i.PortD6_Init                            0x0000115c   Section        0  alarm.o(i.PortD6_Init)
    i.PortD_Init                             0x000011cc   Section        0  controller.o(i.PortD_Init)
    i.PortF_Init                             0x00001220   Section        0  portf.o(i.PortF_Init)
    i.PortF_Input                            0x0000127c   Section        0  portf.o(i.PortF_Input)
    i.PortF_Output                           0x0000128c   Section        0  portf.o(i.PortF_Output)
    i.Rx5Fifo_Init                           0x00001298   Section        0  esp8266.o(i.Rx5Fifo_Init)
    i.Rx5Fifo_Put                            0x000012c4   Section        0  esp8266.o(i.Rx5Fifo_Put)
    i.Rx5Fifo_Size                           0x00001394   Section        0  esp8266.o(i.Rx5Fifo_Size)
    i.RxFifo_Put                             0x000013a8   Section        0  uart.o(i.RxFifo_Put)
    i.RxFifo_Size                            0x000013e4   Section        0  uart.o(i.RxFifo_Size)
    i.ST7735_DrawChar                        0x000013f8   Section        0  st7735.o(i.ST7735_DrawChar)
    i.ST7735_DrawCharS                       0x00001508   Section        0  st7735.o(i.ST7735_DrawCharS)
    i.ST7735_DrawPixel                       0x000015fc   Section        0  st7735.o(i.ST7735_DrawPixel)
    i.ST7735_DrawString                      0x00001648   Section        0  st7735.o(i.ST7735_DrawString)
    i.ST7735_FillRect                        0x000016a0   Section        0  st7735.o(i.ST7735_FillRect)
    i.ST7735_FillScreen                      0x00001750   Section        0  st7735.o(i.ST7735_FillScreen)
    i.ST7735_InitR                           0x00001774   Section        0  st7735.o(i.ST7735_InitR)
    i.ST7735_Line                            0x000017f0   Section        0  line.o(i.ST7735_Line)
    i.ST7735_OutChar                         0x000018f8   Section        0  st7735.o(i.ST7735_OutChar)
    i.ST7735_OutString                       0x000019d0   Section        0  st7735.o(i.ST7735_OutString)
    i.ST7735_OutUDec                         0x000019e8   Section        0  st7735.o(i.ST7735_OutUDec)
    i.ST7735_SetCursor                       0x00001a74   Section        0  st7735.o(i.ST7735_SetCursor)
    i.ST7735_SetTextColor                    0x00001a94   Section        0  st7735.o(i.ST7735_SetTextColor)
    i.SendInformation                        0x00001aa0   Section        0  blynk.o(i.SendInformation)
    i.TM4C_to_Blynk                          0x00001aec   Section        0  blynk.o(i.TM4C_to_Blynk)
    i.Timer0A_Handler                        0x00001b28   Section        0  timer0a.o(i.Timer0A_Handler)
    i.Timer0A_Init1Hz                        0x00001bbc   Section        0  timer0a.o(i.Timer0A_Init1Hz)
    i.Timer1A_Handler                        0x00001c24   Section        0  alarm.o(i.Timer1A_Handler)
    i.Timer1_Init100Hz                       0x00001c58   Section        0  alarm.o(i.Timer1_Init100Hz)
    i.Timer2A_Handler                        0x00001cac   Section        0  timer2.o(i.Timer2A_Handler)
    i.Timer2_Init                            0x00001cc4   Section        0  timer2.o(i.Timer2_Init)
    i.Timer3A_Handler                        0x00001d24   Section        0  timer3.o(i.Timer3A_Handler)
    i.Timer3_Init                            0x00001d3c   Section        0  timer3.o(i.Timer3_Init)
    i.Tx5Fifo_Get                            0x00001d9c   Section        0  esp8266.o(i.Tx5Fifo_Get)
    i.Tx5Fifo_Init                           0x00001dd4   Section        0  esp8266.o(i.Tx5Fifo_Init)
    i.Tx5Fifo_Put                            0x00001df8   Section        0  esp8266.o(i.Tx5Fifo_Put)
    i.Tx5Fifo_Size                           0x00001e34   Section        0  esp8266.o(i.Tx5Fifo_Size)
    i.TxFifo_Get                             0x00001e48   Section        0  uart.o(i.TxFifo_Get)
    i.TxFifo_Put                             0x00001e84   Section        0  uart.o(i.TxFifo_Put)
    i.TxFifo_Size                            0x00001ec0   Section        0  uart.o(i.TxFifo_Size)
    i.UART0_Handler                          0x00001ed4   Section        0  uart.o(i.UART0_Handler)
    i.UART5_Handler                          0x00001f2c   Section        0  esp8266.o(i.UART5_Handler)
    i.UART5_Init                             0x00001f84   Section        0  esp8266.o(i.UART5_Init)
    i.UART_OutChar                           0x0000205c   Section        0  uart.o(i.UART_OutChar)
    i.UART_OutString                         0x00002090   Section        0  uart.o(i.UART_OutString)
    i.__0sprintf$6                           0x000020a8   Section        0  printf6.o(i.__0sprintf$6)
    i.__aeabi_errno_addr                     0x000020d0   Section        0  errno.o(i.__aeabi_errno_addr)
    i.__scatterload_copy                     0x000020d8   Section       14  handlers.o(i.__scatterload_copy)
    i.__scatterload_null                     0x000020e6   Section        2  handlers.o(i.__scatterload_null)
    i.__scatterload_zeroinit                 0x000020e8   Section       14  handlers.o(i.__scatterload_zeroinit)
    i._printf_core                           0x000020f8   Section        0  printf6.o(i._printf_core)
    _printf_core                             0x000020f9   Thumb Code   750  printf6.o(i._printf_core)
    i._printf_post_padding                   0x000023ec   Section        0  printf6.o(i._printf_post_padding)
    _printf_post_padding                     0x000023ed   Thumb Code    38  printf6.o(i._printf_post_padding)
    i._printf_pre_padding                    0x00002412   Section        0  printf6.o(i._printf_pre_padding)
    _printf_pre_padding                      0x00002413   Thumb Code    48  printf6.o(i._printf_pre_padding)
    i._sputc                                 0x00002442   Section        0  printf6.o(i._sputc)
    _sputc                                   0x00002443   Thumb Code    10  printf6.o(i._sputc)
    i.alarm                                  0x0000244c   Section        0  controller.o(i.alarm)
    i.commandList                            0x000025cc   Section        0  st7735.o(i.commandList)
    commandList                              0x000025cd   Thumb Code    86  st7735.o(i.commandList)
    i.commonInit                             0x00002624   Section        0  st7735.o(i.commonInit)
    commonInit                               0x00002625   Thumb Code   340  st7735.o(i.commonInit)
    i.copyHardwareToSoftware                 0x000027a8   Section        0  uart.o(i.copyHardwareToSoftware)
    copyHardwareToSoftware                   0x000027a9   Thumb Code    36  uart.o(i.copyHardwareToSoftware)
    i.copyHardwareToSoftware5                0x000027d0   Section        0  esp8266.o(i.copyHardwareToSoftware5)
    copyHardwareToSoftware5                  0x000027d1   Thumb Code    36  esp8266.o(i.copyHardwareToSoftware5)
    i.copySoftwareToHardware                 0x000027f8   Section        0  uart.o(i.copySoftwareToHardware)
    copySoftwareToHardware                   0x000027f9   Thumb Code    38  uart.o(i.copySoftwareToHardware)
    i.copySoftwareToHardware5                0x00002824   Section        0  esp8266.o(i.copySoftwareToHardware5)
    copySoftwareToHardware5                  0x00002825   Thumb Code    38  esp8266.o(i.copySoftwareToHardware5)
    i.deselect                               0x00002850   Section        0  st7735.o(i.deselect)
    deselect                                 0x00002851   Thumb Code    24  st7735.o(i.deselect)
    i.display                                0x0000286c   Section        0  controller.o(i.display)
    i.drawCircle                             0x0000299c   Section        0  line.o(i.drawCircle)
    i.drawClockDigits                        0x00002a60   Section        0  line.o(i.drawClockDigits)
    i.drawHourHand                           0x00002b90   Section        0  line.o(i.drawHourHand)
    i.drawMinuteHand                         0x00002c48   Section        0  line.o(i.drawMinuteHand)
    i.drawSecondHand                         0x00002cc0   Section        0  line.o(i.drawSecondHand)
    i.fillmessage                            0x00002d34   Section        0  st7735.o(i.fillmessage)
    i.main                                   0x00002d7c   Section        0  blynk.o(i.main)
    i.menu                                   0x00002e14   Section        0  controller.o(i.menu)
    i.pushColor                              0x00002f58   Section        0  st7735.o(i.pushColor)
    pushColor                                0x00002f59   Thumb Code    18  st7735.o(i.pushColor)
    i.setAddrWindow                          0x00002f6c   Section        0  st7735.o(i.setAddrWindow)
    setAddrWindow                            0x00002f6d   Thumb Code   106  st7735.o(i.setAddrWindow)
    i.time                                   0x00002fe0   Section        0  controller.o(i.time)
    i.writecommand                           0x0000311c   Section        0  st7735.o(i.writecommand)
    writecommand                             0x0000311d   Thumb Code    46  st7735.o(i.writecommand)
    i.writedata                              0x00003154   Section        0  st7735.o(i.writedata)
    writedata                                0x00003155   Thumb Code    24  st7735.o(i.writedata)
    .constdata                               0x00003174   Section     2114  st7735.o(.constdata)
    Font                                     0x00003174   Data        1275  st7735.o(.constdata)
    Bcmd                                     0x0000366f   Data         103  st7735.o(.constdata)
    Rcmd1                                    0x000036d6   Data          59  st7735.o(.constdata)
    Rcmd2green                               0x00003711   Data          13  st7735.o(.constdata)
    Rcmd2red                                 0x0000371e   Data          13  st7735.o(.constdata)
    Rcmd3                                    0x0000372b   Data          43  st7735.o(.constdata)
    .constdata                               0x000039b6   Section      528  line.o(.constdata)
    .constdata                               0x00003bc6   Section      129  ctype_o.o(.constdata)
    .constdata                               0x00003c48   Section        4  ctype_o.o(.constdata)
    table                                    0x00003c48   Data           4  ctype_o.o(.constdata)
    .data                                    0x20000000   Section       16  uart.o(.data)
    .data                                    0x20000010   Section       36  blynk.o(.data)
    .data                                    0x20000034   Section       44  st7735.o(.data)
    _width                                   0x2000003e   Data           2  st7735.o(.data)
    _height                                  0x20000040   Data           2  st7735.o(.data)
    ColStart                                 0x20000048   Data           1  st7735.o(.data)
    RowStart                                 0x20000049   Data           1  st7735.o(.data)
    Rotation                                 0x2000004a   Data           1  st7735.o(.data)
    TabColor                                 0x2000004b   Data           1  st7735.o(.data)
    .data                                    0x20000060   Section        4  timer2.o(.data)
    .data                                    0x20000064   Section        4  timer3.o(.data)
    .data                                    0x20000068   Section      148  esp8266.o(.data)
    .data                                    0x200000fc   Section       10  controller.o(.data)
    .data                                    0x20000108   Section        4  strtok.o(.data)
    state                                    0x20000108   Data           4  strtok.o(.data)
    .data                                    0x2000010c   Section        4  errno.o(.data)
    _errno                                   0x2000010c   Data           4  errno.o(.data)
    .bss                                     0x20000110   Section      128  uart.o(.bss)
    RxFifo                                   0x20000110   Data          64  uart.o(.bss)
    TxFifo                                   0x20000150   Data          64  uart.o(.bss)
    .bss                                     0x20000190   Section       64  blynk.o(.bss)
    .bss                                     0x200001d0   Section       12  st7735.o(.bss)
    .bss                                     0x200001dc   Section      832  esp8266.o(.bss)
    Tx5Fifo                                  0x2000041c   Data         256  esp8266.o(.bss)
    STACK                                    0x20000520   Section     1024  startup.o(STACK)
    StackMem                                 0x20000520   Data           0  startup.o(STACK)

    Global Symbols

    Symbol Name                              Value     Ov Type        Size  Object(Section)

    BuildAttributes$$THM_ISAv4$E$P$D$K$B$S$7EM$PE$A:L22UL41UL21$X:L11$S22US41US21$IEEE1$IW$USESV6$~STKCKD$USESV7$~SHL$OSPACE$ROPI$EBA8$MICROLIB$REQ8$PRES8$EABIv2 0x00000000   Number         0  anon$$obj.o ABSOLUTE
    __ARM_use_no_argv                        0x00000000   Number         0  blynk.o ABSOLUTE
    __Vectors                                0x00000000   Data           0  startup.o(RESET)
    _printf_a                                0x00000000   Number         0  stubs.o ABSOLUTE
    _printf_c                                0x00000000   Number         0  stubs.o ABSOLUTE
    _printf_charcount                        0x00000000   Number         0  stubs.o ABSOLUTE
    _printf_d                                0x00000000   Number         0  stubs.o ABSOLUTE
    _printf_e                                0x00000000   Number         0  stubs.o ABSOLUTE
    _printf_f                                0x00000000   Number         0  stubs.o ABSOLUTE
    _printf_flags                            0x00000000   Number         0  stubs.o ABSOLUTE
    _printf_fp_dec                           0x00000000   Number         0  stubs.o ABSOLUTE
    _printf_fp_hex                           0x00000000   Number         0  stubs.o ABSOLUTE
    _printf_g                                0x00000000   Number         0  stubs.o ABSOLUTE
    _printf_i                                0x00000000   Number         0  stubs.o ABSOLUTE
    _printf_int_dec                          0x00000000   Number         0  stubs.o ABSOLUTE
    _printf_l                                0x00000000   Number         0  stubs.o ABSOLUTE
    _printf_lc                               0x00000000   Number         0  stubs.o ABSOLUTE
    _printf_ll                               0x00000000   Number         0  stubs.o ABSOLUTE
    _printf_lld                              0x00000000   Number         0  stubs.o ABSOLUTE
    _printf_lli                              0x00000000   Number         0  stubs.o ABSOLUTE
    _printf_llo                              0x00000000   Number         0  stubs.o ABSOLUTE
    _printf_llu                              0x00000000   Number         0  stubs.o ABSOLUTE
    _printf_llx                              0x00000000   Number         0  stubs.o ABSOLUTE
    _printf_longlong_dec                     0x00000000   Number         0  stubs.o ABSOLUTE
    _printf_longlong_hex                     0x00000000   Number         0  stubs.o ABSOLUTE
    _printf_longlong_oct                     0x00000000   Number         0  stubs.o ABSOLUTE
    _printf_ls                               0x00000000   Number         0  stubs.o ABSOLUTE
    _printf_mbtowc                           0x00000000   Number         0  stubs.o ABSOLUTE
    _printf_n                                0x00000000   Number         0  stubs.o ABSOLUTE
    _printf_o                                0x00000000   Number         0  stubs.o ABSOLUTE
    _printf_p                                0x00000000   Number         0  stubs.o ABSOLUTE
    _printf_percent                          0x00000000   Number         0  stubs.o ABSOLUTE
    _printf_pre_padding                      0x00000000   Number         0  stubs.o ABSOLUTE
    _printf_return_value                     0x00000000   Number         0  stubs.o ABSOLUTE
    _printf_s                                0x00000000   Number         0  stubs.o ABSOLUTE
    _printf_sizespec                         0x00000000   Number         0  stubs.o ABSOLUTE
    _printf_str                              0x00000000   Number         0  stubs.o ABSOLUTE
    _printf_truncate_signed                  0x00000000   Number         0  stubs.o ABSOLUTE
    _printf_truncate_unsigned                0x00000000   Number         0  stubs.o ABSOLUTE
    _printf_u                                0x00000000   Number         0  stubs.o ABSOLUTE
    _printf_wc                               0x00000000   Number         0  stubs.o ABSOLUTE
    _printf_wctomb                           0x00000000   Number         0  stubs.o ABSOLUTE
    _printf_widthprec                        0x00000000   Number         0  stubs.o ABSOLUTE
    _printf_x                                0x00000000   Number         0  stubs.o ABSOLUTE
    __cpp_initialize__aeabi_                  - Undefined Weak Reference
    __cxa_finalize                            - Undefined Weak Reference
    __decompress                              - Undefined Weak Reference
    _clock_init                               - Undefined Weak Reference
    _microlib_exit                            - Undefined Weak Reference
    Reset_Handler                            0x0000026d   Thumb Code     0  startup.o(RESET)
    NMI_Handler                              0x00000271   Thumb Code     2  startup.o(RESET)
    HardFault_Handler                        0x00000273   Thumb Code     2  startup.o(RESET)
    MemManage_Handler                        0x00000275   Thumb Code     2  startup.o(RESET)
    BusFault_Handler                         0x00000277   Thumb Code     2  startup.o(RESET)
    UsageFault_Handler                       0x00000279   Thumb Code     2  startup.o(RESET)
    SVC_Handler                              0x0000027b   Thumb Code     2  startup.o(RESET)
    DebugMon_Handler                         0x0000027d   Thumb Code     2  startup.o(RESET)
    PendSV_Handler                           0x0000027f   Thumb Code     2  startup.o(RESET)
    SysTick_Handler                          0x00000281   Thumb Code     2  startup.o(RESET)
    ADC0Seq0_Handler                         0x00000283   Thumb Code     0  startup.o(RESET)
    ADC0Seq1_Handler                         0x00000283   Thumb Code     0  startup.o(RESET)
    ADC0Seq2_Handler                         0x00000283   Thumb Code     0  startup.o(RESET)
    ADC0Seq3_Handler                         0x00000283   Thumb Code     0  startup.o(RESET)
    ADC1Seq0_Handler                         0x00000283   Thumb Code     0  startup.o(RESET)
    ADC1Seq1_Handler                         0x00000283   Thumb Code     0  startup.o(RESET)
    ADC1Seq2_Handler                         0x00000283   Thumb Code     0  startup.o(RESET)
    ADC1Seq3_Handler                         0x00000283   Thumb Code     0  startup.o(RESET)
    CAN0_Handler                             0x00000283   Thumb Code     0  startup.o(RESET)
    CAN1_Handler                             0x00000283   Thumb Code     0  startup.o(RESET)
    CAN2_Handler                             0x00000283   Thumb Code     0  startup.o(RESET)
    Comp0_Handler                            0x00000283   Thumb Code     0  startup.o(RESET)
    Comp1_Handler                            0x00000283   Thumb Code     0  startup.o(RESET)
    Comp2_Handler                            0x00000283   Thumb Code     0  startup.o(RESET)
    Ethernet_Handler                         0x00000283   Thumb Code     0  startup.o(RESET)
    ExtBus_Handler                           0x00000283   Thumb Code     0  startup.o(RESET)
    FPU_Handler                              0x00000283   Thumb Code     0  startup.o(RESET)
    Fan0_Handler                             0x00000283   Thumb Code     0  startup.o(RESET)
    FlashCtl_Handler                         0x00000283   Thumb Code     0  startup.o(RESET)
    GPIOPortA_Handler                        0x00000283   Thumb Code     0  startup.o(RESET)
    GPIOPortB_Handler                        0x00000283   Thumb Code     0  startup.o(RESET)
    GPIOPortC_Handler                        0x00000283   Thumb Code     0  startup.o(RESET)
    GPIOPortD_Handler                        0x00000283   Thumb Code     0  startup.o(RESET)
    GPIOPortE_Handler                        0x00000283   Thumb Code     0  startup.o(RESET)
    GPIOPortF_Handler                        0x00000283   Thumb Code     0  startup.o(RESET)
    GPIOPortG_Handler                        0x00000283   Thumb Code     0  startup.o(RESET)
    GPIOPortH_Handler                        0x00000283   Thumb Code     0  startup.o(RESET)
    GPIOPortJ_Handler                        0x00000283   Thumb Code     0  startup.o(RESET)
    GPIOPortK_Handler                        0x00000283   Thumb Code     0  startup.o(RESET)
    GPIOPortL_Handler                        0x00000283   Thumb Code     0  startup.o(RESET)
    GPIOPortM_Handler                        0x00000283   Thumb Code     0  startup.o(RESET)
    GPIOPortN_Handler                        0x00000283   Thumb Code     0  startup.o(RESET)
    GPIOPortP1_Handler                       0x00000283   Thumb Code     0  startup.o(RESET)
    GPIOPortP2_Handler                       0x00000283   Thumb Code     0  startup.o(RESET)
    GPIOPortP3_Handler                       0x00000283   Thumb Code     0  startup.o(RESET)
    GPIOPortP4_Handler                       0x00000283   Thumb Code     0  startup.o(RESET)
    GPIOPortP5_Handler                       0x00000283   Thumb Code     0  startup.o(RESET)
    GPIOPortP6_Handler                       0x00000283   Thumb Code     0  startup.o(RESET)
    GPIOPortP7_Handler                       0x00000283   Thumb Code     0  startup.o(RESET)
    GPIOPortP_Handler                        0x00000283   Thumb Code     0  startup.o(RESET)
    GPIOPortQ1_Handler                       0x00000283   Thumb Code     0  startup.o(RESET)
    GPIOPortQ2_Handler                       0x00000283   Thumb Code     0  startup.o(RESET)
    GPIOPortQ3_Handler                       0x00000283   Thumb Code     0  startup.o(RESET)
    GPIOPortQ4_Handler                       0x00000283   Thumb Code     0  startup.o(RESET)
    GPIOPortQ5_Handler                       0x00000283   Thumb Code     0  startup.o(RESET)
    GPIOPortQ6_Handler                       0x00000283   Thumb Code     0  startup.o(RESET)
    GPIOPortQ7_Handler                       0x00000283   Thumb Code     0  startup.o(RESET)
    GPIOPortQ_Handler                        0x00000283   Thumb Code     0  startup.o(RESET)
    GPIOPortR_Handler                        0x00000283   Thumb Code     0  startup.o(RESET)
    GPIOPortS_Handler                        0x00000283   Thumb Code     0  startup.o(RESET)
    Hibernate_Handler                        0x00000283   Thumb Code     0  startup.o(RESET)
    I2C0_Handler                             0x00000283   Thumb Code     0  startup.o(RESET)
    I2C1_Handler                             0x00000283   Thumb Code     0  startup.o(RESET)
    I2C2_Handler                             0x00000283   Thumb Code     0  startup.o(RESET)
    I2C3_Handler                             0x00000283   Thumb Code     0  startup.o(RESET)
    I2C4_Handler                             0x00000283   Thumb Code     0  startup.o(RESET)
    I2C5_Handler                             0x00000283   Thumb Code     0  startup.o(RESET)
    I2S0_Handler                             0x00000283   Thumb Code     0  startup.o(RESET)
    LPC0_Handler                             0x00000283   Thumb Code     0  startup.o(RESET)
    PECI0_Handler                            0x00000283   Thumb Code     0  startup.o(RESET)
    PWM0Fault_Handler                        0x00000283   Thumb Code     0  startup.o(RESET)
    PWM0Generator0_Handler                   0x00000283   Thumb Code     0  startup.o(RESET)
    PWM0Generator1_Handler                   0x00000283   Thumb Code     0  startup.o(RESET)
    PWM0Generator2_Handler                   0x00000283   Thumb Code     0  startup.o(RESET)
    PWM0Generator3_Handler                   0x00000283   Thumb Code     0  startup.o(RESET)
    PWM1Fault_Handler                        0x00000283   Thumb Code     0  startup.o(RESET)
    PWM1Generator0_Handler                   0x00000283   Thumb Code     0  startup.o(RESET)
    PWM1Generator1_Handler                   0x00000283   Thumb Code     0  startup.o(RESET)
    PWM1Generator2_Handler                   0x00000283   Thumb Code     0  startup.o(RESET)
    PWM1Generator3_Handler                   0x00000283   Thumb Code     0  startup.o(RESET)
    Quadrature0_Handler                      0x00000283   Thumb Code     0  startup.o(RESET)
    Quadrature1_Handler                      0x00000283   Thumb Code     0  startup.o(RESET)
    Quadrature2_Handler                      0x00000283   Thumb Code     0  startup.o(RESET)
    SSI0_Handler                             0x00000283   Thumb Code     0  startup.o(RESET)
    SSI1_Handler                             0x00000283   Thumb Code     0  startup.o(RESET)
    SSI2_Handler                             0x00000283   Thumb Code     0  startup.o(RESET)
    SSI3_Handler                             0x00000283   Thumb Code     0  startup.o(RESET)
    SysCtl_Handler                           0x00000283   Thumb Code     0  startup.o(RESET)
    Timer0B_Handler                          0x00000283   Thumb Code     0  startup.o(RESET)
    Timer1B_Handler                          0x00000283   Thumb Code     0  startup.o(RESET)
    Timer2B_Handler                          0x00000283   Thumb Code     0  startup.o(RESET)
    Timer3B_Handler                          0x00000283   Thumb Code     0  startup.o(RESET)
    Timer4A_Handler                          0x00000283   Thumb Code     0  startup.o(RESET)
    Timer4B_Handler                          0x00000283   Thumb Code     0  startup.o(RESET)
    Timer5A_Handler                          0x00000283   Thumb Code     0  startup.o(RESET)
    Timer5B_Handler                          0x00000283   Thumb Code     0  startup.o(RESET)
    UART1_Handler                            0x00000283   Thumb Code     0  startup.o(RESET)
    UART2_Handler                            0x00000283   Thumb Code     0  startup.o(RESET)
    UART3_Handler                            0x00000283   Thumb Code     0  startup.o(RESET)
    UART4_Handler                            0x00000283   Thumb Code     0  startup.o(RESET)
    UART6_Handler                            0x00000283   Thumb Code     0  startup.o(RESET)
    UART7_Handler                            0x00000283   Thumb Code     0  startup.o(RESET)
    USB0_Handler                             0x00000283   Thumb Code     0  startup.o(RESET)
    WDT_Handler                              0x00000283   Thumb Code     0  startup.o(RESET)
    WideTimer0A_Handler                      0x00000283   Thumb Code     0  startup.o(RESET)
    WideTimer0B_Handler                      0x00000283   Thumb Code     0  startup.o(RESET)
    WideTimer1A_Handler                      0x00000283   Thumb Code     0  startup.o(RESET)
    WideTimer1B_Handler                      0x00000283   Thumb Code     0  startup.o(RESET)
    WideTimer2A_Handler                      0x00000283   Thumb Code     0  startup.o(RESET)
    WideTimer2B_Handler                      0x00000283   Thumb Code     0  startup.o(RESET)
    WideTimer3A_Handler                      0x00000283   Thumb Code     0  startup.o(RESET)
    WideTimer3B_Handler                      0x00000283   Thumb Code     0  startup.o(RESET)
    WideTimer4A_Handler                      0x00000283   Thumb Code     0  startup.o(RESET)
    WideTimer4B_Handler                      0x00000283   Thumb Code     0  startup.o(RESET)
    WideTimer5A_Handler                      0x00000283   Thumb Code     0  startup.o(RESET)
    WideTimer5B_Handler                      0x00000283   Thumb Code     0  startup.o(RESET)
    uDMA_Error                               0x00000283   Thumb Code     0  startup.o(RESET)
    uDMA_Handler                             0x00000283   Thumb Code     0  startup.o(RESET)
    __main                                   0x00000285   Thumb Code     0  entry.o(.ARM.Collect$$$$00000000)
    _main_stk                                0x00000285   Thumb Code     0  entry2.o(.ARM.Collect$$$$00000001)
    _main_scatterload                        0x00000289   Thumb Code     0  entry5.o(.ARM.Collect$$$$00000004)
    __main_after_scatterload                 0x0000028d   Thumb Code     0  entry5.o(.ARM.Collect$$$$00000004)
    _main_clock                              0x0000028d   Thumb Code     0  entry7b.o(.ARM.Collect$$$$00000008)
    _main_cpp_init                           0x0000028d   Thumb Code     0  entry8b.o(.ARM.Collect$$$$0000000A)
    _main_init                               0x0000028d   Thumb Code     0  entry9a.o(.ARM.Collect$$$$0000000B)
    __rt_final_cpp                           0x00000295   Thumb Code     0  entry10a.o(.ARM.Collect$$$$0000000D)
    __rt_final_exit                          0x00000295   Thumb Code     0  entry11a.o(.ARM.Collect$$$$0000000F)
    DisableInterrupts                        0x00000299   Thumb Code     0  startup.o(.text)
    EnableInterrupts                         0x0000029d   Thumb Code     0  startup.o(.text)
    StartCritical                            0x000002a1   Thumb Code     0  startup.o(.text)
    EndCritical                              0x000002a9   Thumb Code     0  startup.o(.text)
    WaitForInterrupt                         0x000002af   Thumb Code     0  startup.o(.text)
    strcpy                                   0x000002b5   Thumb Code    18  strcpy.o(.text)
    strtok                                   0x000002c9   Thumb Code    62  strtok.o(.text)
    atoi                                     0x0000030d   Thumb Code    26  atoi.o(.text)
    __aeabi_dadd                             0x00000327   Thumb Code   322  dadd.o(.text)
    __aeabi_dsub                             0x00000469   Thumb Code     6  dadd.o(.text)
    __aeabi_drsub                            0x0000046f   Thumb Code     6  dadd.o(.text)
    __aeabi_dmul                             0x00000475   Thumb Code   228  dmul.o(.text)
    __aeabi_i2d                              0x00000559   Thumb Code    34  dflti.o(.text)
    __aeabi_cdcmpeq                          0x0000057d   Thumb Code     0  cdcmple.o(.text)
    __aeabi_cdcmple                          0x0000057d   Thumb Code    38  cdcmple.o(.text)
    __aeabi_cdrcmple                         0x000005a5   Thumb Code    38  cdrcmple.o(.text)
    __aeabi_uidiv                            0x000005cd   Thumb Code     0  uidiv.o(.text)
    __aeabi_uidivmod                         0x000005cd   Thumb Code    44  uidiv.o(.text)
    __aeabi_llsl                             0x000005f9   Thumb Code    30  llshl.o(.text)
    _ll_shift_l                              0x000005f9   Thumb Code     0  llshl.o(.text)
    __aeabi_lasr                             0x00000617   Thumb Code    36  llsshr.o(.text)
    _ll_sshift_r                             0x00000617   Thumb Code     0  llsshr.o(.text)
    strtol                                   0x0000063b   Thumb Code   112  strtol.o(.text)
    __I$use$fp                               0x000006ab   Thumb Code     0  iusefp.o(.text)
    _double_round                            0x000006ab   Thumb Code    26  depilogue.o(.text)
    _double_epilogue                         0x000006c5   Thumb Code   164  depilogue.o(.text)
    __scatterload                            0x00000769   Thumb Code    28  init.o(.text)
    __scatterload_rt2                        0x00000769   Thumb Code     0  init.o(.text)
    __aeabi_llsr                             0x0000078d   Thumb Code    32  llushr.o(.text)
    _ll_ushift_r                             0x0000078d   Thumb Code     0  llushr.o(.text)
    __rt_ctype_table                         0x000007ad   Thumb Code     4  ctype_o.o(.text)
    _strtoul                                 0x000007b5   Thumb Code   158  _strtoul.o(.text)
    _chval                                   0x00000853   Thumb Code    28  _chval.o(.text)
    Alarm_Off                                0x00000871   Thumb Code     8  alarm.o(i.Alarm_Off)
    Alarm_On                                 0x0000087d   Thumb Code     8  alarm.o(i.Alarm_On)
    Blynk_to_TM4C                            0x00000889   Thumb Code   270  blynk.o(i.Blynk_to_TM4C)
    Delay1ms                                 0x00000a11   Thumb Code    32  st7735.o(i.Delay1ms)
    DelayMs                                  0x00000a31   Thumb Code    32  esp8266.o(i.DelayMs)
    DelayWait10ms                            0x00000a51   Thumb Code    32  controller.o(i.DelayWait10ms)
    DrawLineDown                             0x00000a71   Thumb Code   216  line.o(i.DrawLineDown)
    DrawLineUp                               0x00000b49   Thumb Code   216  line.o(i.DrawLineUp)
    ESP8266_GetMessage                       0x00000c21   Thumb Code    66  esp8266.o(i.ESP8266_GetMessage)
    ESP8266_Init                             0x00000c71   Thumb Code   118  esp8266.o(i.ESP8266_Init)
    ESP8266_OutChar                          0x00000cf9   Thumb Code    46  esp8266.o(i.ESP8266_OutChar)
    ESP8266_OutString                        0x00000d2d   Thumb Code    24  esp8266.o(i.ESP8266_OutString)
    ESP8266_OutUDec                          0x00000d45   Thumb Code    42  esp8266.o(i.ESP8266_OutUDec)
    ESP8266_Reset                            0x00000d71   Thumb Code    68  esp8266.o(i.ESP8266_Reset)
    ESP8266_SetupWiFi                        0x00000e69   Thumb Code   260  esp8266.o(i.ESP8266_SetupWiFi)
    InitializeGlobals                        0x00001081   Thumb Code    44  controller.o(i.InitializeGlobals)
    Output_Color                             0x000010d5   Thumb Code    12  st7735.o(i.Output_Color)
    PLL_Init                                 0x000010e1   Thumb Code   118  pll.o(i.PLL_Init)
    PortD6_Init                              0x0000115d   Thumb Code    94  alarm.o(i.PortD6_Init)
    PortD_Init                               0x000011cd   Thumb Code    68  controller.o(i.PortD_Init)
    PortF_Init                               0x00001221   Thumb Code    74  portf.o(i.PortF_Init)
    PortF_Input                              0x0000127d   Thumb Code    10  portf.o(i.PortF_Input)
    PortF_Output                             0x0000128d   Thumb Code     6  portf.o(i.PortF_Output)
    Rx5Fifo_Init                             0x00001299   Thumb Code    30  esp8266.o(i.Rx5Fifo_Init)
    Rx5Fifo_Put                              0x000012c5   Thumb Code   192  esp8266.o(i.Rx5Fifo_Put)
    Rx5Fifo_Size                             0x00001395   Thumb Code    12  esp8266.o(i.Rx5Fifo_Size)
    RxFifo_Put                               0x000013a9   Thumb Code    48  uart.o(i.RxFifo_Put)
    RxFifo_Size                              0x000013e5   Thumb Code    12  uart.o(i.RxFifo_Size)
    ST7735_DrawChar                          0x000013f9   Thumb Code   260  st7735.o(i.ST7735_DrawChar)
    ST7735_DrawCharS                         0x00001509   Thumb Code   232  st7735.o(i.ST7735_DrawCharS)
    ST7735_DrawPixel                         0x000015fd   Thumb Code    68  st7735.o(i.ST7735_DrawPixel)
    ST7735_DrawString                        0x00001649   Thumb Code    86  st7735.o(i.ST7735_DrawString)
    ST7735_FillRect                          0x000016a1   Thumb Code   168  st7735.o(i.ST7735_FillRect)
    ST7735_FillScreen                        0x00001751   Thumb Code    28  st7735.o(i.ST7735_FillScreen)
    ST7735_InitR                             0x00001775   Thumb Code    90  st7735.o(i.ST7735_InitR)
    ST7735_Line                              0x000017f1   Thumb Code   262  line.o(i.ST7735_Line)
    ST7735_OutChar                           0x000018f9   Thumb Code   178  st7735.o(i.ST7735_OutChar)
    ST7735_OutString                         0x000019d1   Thumb Code    24  st7735.o(i.ST7735_OutString)
    ST7735_OutUDec                           0x000019e9   Thumb Code   118  st7735.o(i.ST7735_OutUDec)
    ST7735_SetCursor                         0x00001a75   Thumb Code    22  st7735.o(i.ST7735_SetCursor)
    ST7735_SetTextColor                      0x00001a95   Thumb Code     6  st7735.o(i.ST7735_SetTextColor)
    SendInformation                          0x00001aa1   Thumb Code    56  blynk.o(i.SendInformation)
    TM4C_to_Blynk                            0x00001aed   Thumb Code    50  blynk.o(i.TM4C_to_Blynk)
    Timer0A_Handler                          0x00001b29   Thumb Code   126  timer0a.o(i.Timer0A_Handler)
    Timer0A_Init1Hz                          0x00001bbd   Thumb Code    84  timer0a.o(i.Timer0A_Init1Hz)
    Timer1A_Handler                          0x00001c25   Thumb Code    34  alarm.o(i.Timer1A_Handler)
    Timer1_Init100Hz                         0x00001c59   Thumb Code    64  alarm.o(i.Timer1_Init100Hz)
    Timer2A_Handler                          0x00001cad   Thumb Code    16  timer2.o(i.Timer2A_Handler)
    Timer2_Init                              0x00001cc5   Thumb Code    76  timer2.o(i.Timer2_Init)
    Timer3A_Handler                          0x00001d25   Thumb Code    16  timer3.o(i.Timer3A_Handler)
    Timer3_Init                              0x00001d3d   Thumb Code    74  timer3.o(i.Timer3_Init)
    Tx5Fifo_Get                              0x00001d9d   Thumb Code    44  esp8266.o(i.Tx5Fifo_Get)
    Tx5Fifo_Init                             0x00001dd5   Thumb Code    26  esp8266.o(i.Tx5Fifo_Init)
    Tx5Fifo_Put                              0x00001df9   Thumb Code    46  esp8266.o(i.Tx5Fifo_Put)
    Tx5Fifo_Size                             0x00001e35   Thumb Code    12  esp8266.o(i.Tx5Fifo_Size)
    TxFifo_Get                               0x00001e49   Thumb Code    46  uart.o(i.TxFifo_Get)
    TxFifo_Put                               0x00001e85   Thumb Code    48  uart.o(i.TxFifo_Put)
    TxFifo_Size                              0x00001ec1   Thumb Code    12  uart.o(i.TxFifo_Size)
    UART0_Handler                            0x00001ed5   Thumb Code    82  uart.o(i.UART0_Handler)
    UART5_Handler                            0x00001f2d   Thumb Code    82  esp8266.o(i.UART5_Handler)
    UART5_Init                               0x00001f85   Thumb Code   190  esp8266.o(i.UART5_Init)
    UART_OutChar                             0x0000205d   Thumb Code    46  uart.o(i.UART_OutChar)
    UART_OutString                           0x00002091   Thumb Code    24  uart.o(i.UART_OutString)
    __0sprintf$6                             0x000020a9   Thumb Code    34  printf6.o(i.__0sprintf$6)
    __1sprintf$6                             0x000020a9   Thumb Code     0  printf6.o(i.__0sprintf$6)
    __2sprintf                               0x000020a9   Thumb Code     0  printf6.o(i.__0sprintf$6)
    __aeabi_errno_addr                       0x000020d1   Thumb Code     4  errno.o(i.__aeabi_errno_addr)
    __rt_errno_addr                          0x000020d1   Thumb Code     0  errno.o(i.__aeabi_errno_addr)
    __scatterload_copy                       0x000020d9   Thumb Code    14  handlers.o(i.__scatterload_copy)
    __scatterload_null                       0x000020e7   Thumb Code     2  handlers.o(i.__scatterload_null)
    __scatterload_zeroinit                   0x000020e9   Thumb Code    14  handlers.o(i.__scatterload_zeroinit)
    alarm                                    0x0000244d   Thumb Code   236  controller.o(i.alarm)
    display                                  0x0000286d   Thumb Code   222  controller.o(i.display)
    drawCircle                               0x0000299d   Thumb Code   196  line.o(i.drawCircle)
    drawClockDigits                          0x00002a61   Thumb Code   304  line.o(i.drawClockDigits)
    drawHourHand                             0x00002b91   Thumb Code   176  line.o(i.drawHourHand)
    drawMinuteHand                           0x00002c49   Thumb Code   112  line.o(i.drawMinuteHand)
    drawSecondHand                           0x00002cc1   Thumb Code   108  line.o(i.drawSecondHand)
    fillmessage                              0x00002d35   Thumb Code    64  st7735.o(i.fillmessage)
    main                                     0x00002d7d   Thumb Code   130  blynk.o(i.main)
    menu                                     0x00002e15   Thumb Code   190  controller.o(i.menu)
    time                                     0x00002fe1   Thumb Code   208  controller.o(i.time)
    smallCircle                              0x00003756   Data          36  st7735.o(.constdata)
    circle                                   0x0000377a   Data          60  st7735.o(.constdata)
    dBfs                                     0x000037b6   Data         512  st7735.o(.constdata)
    xCoordinates                             0x000039b6   Data         120  line.o(.constdata)
    yCoordinates                             0x00003a2e   Data         120  line.o(.constdata)
    xHour2Coordinates                        0x00003aa6   Data          24  line.o(.constdata)
    xHourCoordinates                         0x00003abe   Data         120  line.o(.constdata)
    yHour2Coordinates                        0x00003b36   Data          24  line.o(.constdata)
    yHourCoordinates                         0x00003b4e   Data         120  line.o(.constdata)
    __ctype_table                            0x00003bc6   Data         129  ctype_o.o(.constdata)
    Region$$Table$$Base                      0x00003c4c   Number         0  anon$$obj.o(Region$$Table)
    Region$$Table$$Limit                     0x00003c6c   Number         0  anon$$obj.o(Region$$Table)
    RxPutI                                   0x20000000   Data           4  uart.o(.data)
    RxGetI                                   0x20000004   Data           4  uart.o(.data)
    TxPutI                                   0x20000008   Data           4  uart.o(.data)
    TxGetI                                   0x2000000c   Data           4  uart.o(.data)
    Pin_Number                               0x20000010   Data           2  blynk.o(.data)
    Pin_Integer                              0x20000012   Data           8  blynk.o(.data)
    Pin_Float                                0x2000001a   Data           8  blynk.o(.data)
    LED                                      0x20000024   Data           4  blynk.o(.data)
    LastF                                    0x20000028   Data           4  blynk.o(.data)
    pin_num                                  0x2000002c   Data           4  blynk.o(.data)
    pin_int                                  0x20000030   Data           4  blynk.o(.data)
    StX                                      0x20000034   Data           4  st7735.o(.data)
    StY                                      0x20000038   Data           4  st7735.o(.data)
    StTextColor                              0x2000003c   Data           2  st7735.o(.data)
    lastj                                    0x20000044   Data           4  st7735.o(.data)
    Messageindex                             0x2000004c   Data           4  st7735.o(.data)
    Ymax                                     0x20000050   Data           4  st7735.o(.data)
    Ymin                                     0x20000054   Data           4  st7735.o(.data)
    X                                        0x20000058   Data           4  st7735.o(.data)
    Yrange                                   0x2000005c   Data           4  st7735.o(.data)
    PeriodicTask2                            0x20000060   Data           4  timer2.o(.data)
    PeriodicTask3                            0x20000064   Data           4  timer3.o(.data)
    ssid                                     0x20000068   Data          32  esp8266.o(.data)
    pass                                     0x20000088   Data          32  esp8266.o(.data)
    auth                                     0x200000a8   Data          64  esp8266.o(.data)
    Rx5PutI                                  0x200000e8   Data           4  esp8266.o(.data)
    Rx5PutJ                                  0x200000ec   Data           4  esp8266.o(.data)
    Rx5GetI                                  0x200000f0   Data           4  esp8266.o(.data)
    Tx5PutI                                  0x200000f4   Data           4  esp8266.o(.data)
    Tx5GetI                                  0x200000f8   Data           4  esp8266.o(.data)
    hours                                    0x200000fc   Data           1  controller.o(.data)
    minutes                                  0x200000fd   Data           1  controller.o(.data)
    seconds                                  0x200000fe   Data           1  controller.o(.data)
    alarm_hours                              0x200000ff   Data           1  controller.o(.data)
    alarm_minutes                            0x20000100   Data           1  controller.o(.data)
    alarm_enable                             0x20000101   Data           1  controller.o(.data)
    sw1                                      0x20000102   Data           1  controller.o(.data)
    sw2                                      0x20000103   Data           1  controller.o(.data)
    sw3                                      0x20000104   Data           1  controller.o(.data)
    sw4                                      0x20000105   Data           1  controller.o(.data)
    serial_buf                               0x20000190   Data          64  blynk.o(.bss)
    Message                                  0x200001d0   Data          12  st7735.o(.bss)
    Rx5Fifo                                  0x200001dc   Data         512  esp8266.o(.bss)
    RxMessage                                0x200003dc   Data          64  esp8266.o(.bss)
    __initial_sp                             0x20000920   Data           0  startup.o(STACK)



==============================================================================

Memory Map of the image

  Image Entry point : 0x0000026d

  Load Region LR_1 (Base: 0x00000000, Size: 0x00003d7c, Max: 0xffffffff, ABSOLUTE)

    Execution Region ER_RO (Base: 0x00000000, Size: 0x00003c6c, Max: 0xffffffff, ABSOLUTE)

    Base Addr    Size         Type   Attr      Idx    E Section Name        Object

    0x00000000   0x00000284   Code   RO            3  * RESET               startup.o
    0x00000284   0x00000000   Code   RO          912  * .ARM.Collect$$$$00000000  mc_w.l(entry.o)
    0x00000284   0x00000004   Code   RO         1196    .ARM.Collect$$$$00000001  mc_w.l(entry2.o)
    0x00000288   0x00000004   Code   RO         1199    .ARM.Collect$$$$00000004  mc_w.l(entry5.o)
    0x0000028c   0x00000000   Code   RO         1201    .ARM.Collect$$$$00000008  mc_w.l(entry7b.o)
    0x0000028c   0x00000000   Code   RO         1203    .ARM.Collect$$$$0000000A  mc_w.l(entry8b.o)
    0x0000028c   0x00000008   Code   RO         1204    .ARM.Collect$$$$0000000B  mc_w.l(entry9a.o)
    0x00000294   0x00000000   Code   RO         1206    .ARM.Collect$$$$0000000D  mc_w.l(entry10a.o)
    0x00000294   0x00000000   Code   RO         1208    .ARM.Collect$$$$0000000F  mc_w.l(entry11a.o)
    0x00000294   0x00000004   Code   RO         1197    .ARM.Collect$$$$00002712  mc_w.l(entry2.o)
    0x00000298   0x0000001c   Code   RO            4    .text               startup.o
    0x000002b4   0x00000012   Code   RO          915    .text               mc_w.l(strcpy.o)
    0x000002c6   0x00000002   PAD
    0x000002c8   0x00000044   Code   RO          917    .text               mc_w.l(strtok.o)
    0x0000030c   0x0000001a   Code   RO         1184    .text               mc_w.l(atoi.o)
    0x00000326   0x0000014e   Code   RO         1186    .text               mf_w.l(dadd.o)
    0x00000474   0x000000e4   Code   RO         1188    .text               mf_w.l(dmul.o)
    0x00000558   0x00000022   Code   RO         1190    .text               mf_w.l(dflti.o)
    0x0000057a   0x00000002   PAD
    0x0000057c   0x00000028   Code   RO         1192    .text               mf_w.l(cdcmple.o)
    0x000005a4   0x00000028   Code   RO         1194    .text               mf_w.l(cdrcmple.o)
    0x000005cc   0x0000002c   Code   RO         1211    .text               mc_w.l(uidiv.o)
    0x000005f8   0x0000001e   Code   RO         1215    .text               mc_w.l(llshl.o)
    0x00000616   0x00000024   Code   RO         1217    .text               mc_w.l(llsshr.o)
    0x0000063a   0x00000070   Code   RO         1226    .text               mc_w.l(strtol.o)
    0x000006aa   0x00000000   Code   RO         1228    .text               mc_w.l(iusefp.o)
    0x000006aa   0x000000be   Code   RO         1229    .text               mf_w.l(depilogue.o)
    0x00000768   0x00000024   Code   RO         1235    .text               mc_w.l(init.o)
    0x0000078c   0x00000020   Code   RO         1237    .text               mc_w.l(llushr.o)
    0x000007ac   0x00000008   Code   RO         1239    .text               mc_w.l(ctype_o.o)
    0x000007b4   0x0000009e   Code   RO         1267    .text               mc_w.l(_strtoul.o)
    0x00000852   0x0000001c   Code   RO         1269    .text               mc_w.l(_chval.o)
    0x0000086e   0x00000002   PAD
    0x00000870   0x0000000c   Code   RO          726    i.Alarm_Off         alarm.o
    0x0000087c   0x0000000c   Code   RO          727    i.Alarm_On          alarm.o
    0x00000888   0x00000188   Code   RO          171    i.Blynk_to_TM4C     blynk.o
    0x00000a10   0x00000020   Code   RO          242    i.Delay1ms          st7735.o
    0x00000a30   0x00000020   Code   RO          574    i.DelayMs           esp8266.o
    0x00000a50   0x00000020   Code   RO          765    i.DelayWait10ms     controller.o
    0x00000a70   0x000000d8   Code   RO          822    i.DrawLineDown      line.o
    0x00000b48   0x000000d8   Code   RO          823    i.DrawLineUp        line.o
    0x00000c20   0x00000050   Code   RO          576    i.ESP8266_GetMessage  esp8266.o
    0x00000c70   0x00000088   Code   RO          577    i.ESP8266_Init      esp8266.o
    0x00000cf8   0x00000034   Code   RO          578    i.ESP8266_OutChar   esp8266.o
    0x00000d2c   0x00000018   Code   RO          579    i.ESP8266_OutString  esp8266.o
    0x00000d44   0x0000002a   Code   RO          580    i.ESP8266_OutUDec   esp8266.o
    0x00000d6e   0x00000002   PAD
    0x00000d70   0x000000f8   Code   RO          581    i.ESP8266_Reset     esp8266.o
    0x00000e68   0x00000218   Code   RO          582    i.ESP8266_SetupWiFi  esp8266.o
    0x00001080   0x00000054   Code   RO          766    i.InitializeGlobals  controller.o
    0x000010d4   0x0000000c   Code   RO          244    i.Output_Color      st7735.o
    0x000010e0   0x0000007c   Code   RO           12    i.PLL_Init          pll.o
    0x0000115c   0x00000070   Code   RO          728    i.PortD6_Init       alarm.o
    0x000011cc   0x00000054   Code   RO          767    i.PortD_Init        controller.o
    0x00001220   0x0000005c   Code   RO          702    i.PortF_Init        portf.o
    0x0000127c   0x00000010   Code   RO          703    i.PortF_Input       portf.o
    0x0000128c   0x0000000c   Code   RO          704    i.PortF_Output      portf.o
    0x00001298   0x0000002c   Code   RO          583    i.Rx5Fifo_Init      esp8266.o
    0x000012c4   0x000000d0   Code   RO          584    i.Rx5Fifo_Put       esp8266.o
    0x00001394   0x00000014   Code   RO          585    i.Rx5Fifo_Size      esp8266.o
    0x000013a8   0x0000003c   Code   RO           36    i.RxFifo_Put        uart.o
    0x000013e4   0x00000014   Code   RO           37    i.RxFifo_Size       uart.o
    0x000013f8   0x00000110   Code   RO          250    i.ST7735_DrawChar   st7735.o
    0x00001508   0x000000f4   Code   RO          251    i.ST7735_DrawCharS  st7735.o
    0x000015fc   0x0000004c   Code   RO          255    i.ST7735_DrawPixel  st7735.o
    0x00001648   0x00000056   Code   RO          257    i.ST7735_DrawString  st7735.o
    0x0000169e   0x00000002   PAD
    0x000016a0   0x000000b0   Code   RO          258    i.ST7735_FillRect   st7735.o
    0x00001750   0x00000024   Code   RO          259    i.ST7735_FillScreen  st7735.o
    0x00001774   0x0000007c   Code   RO          261    i.ST7735_InitR      st7735.o
    0x000017f0   0x00000106   Code   RO          824    i.ST7735_Line       line.o
    0x000018f6   0x00000002   PAD
    0x000018f8   0x000000d8   Code   RO          263    i.ST7735_OutChar    st7735.o
    0x000019d0   0x00000018   Code   RO          264    i.ST7735_OutString  st7735.o
    0x000019e8   0x0000008c   Code   RO          265    i.ST7735_OutUDec    st7735.o
    0x00001a74   0x00000020   Code   RO          274    i.ST7735_SetCursor  st7735.o
    0x00001a94   0x0000000c   Code   RO          276    i.ST7735_SetTextColor  st7735.o
    0x00001aa0   0x0000004c   Code   RO          172    i.SendInformation   blynk.o
    0x00001aec   0x0000003c   Code   RO          173    i.TM4C_to_Blynk     blynk.o
    0x00001b28   0x00000094   Code   RO          888    i.Timer0A_Handler   timer0a.o
    0x00001bbc   0x00000068   Code   RO          889    i.Timer0A_Init1Hz   timer0a.o
    0x00001c24   0x00000034   Code   RO          729    i.Timer1A_Handler   alarm.o
    0x00001c58   0x00000054   Code   RO          730    i.Timer1_Init100Hz  alarm.o
    0x00001cac   0x00000018   Code   RO          532    i.Timer2A_Handler   timer2.o
    0x00001cc4   0x00000060   Code   RO          533    i.Timer2_Init       timer2.o
    0x00001d24   0x00000018   Code   RO          553    i.Timer3A_Handler   timer3.o
    0x00001d3c   0x00000060   Code   RO          554    i.Timer3_Init       timer3.o
    0x00001d9c   0x00000038   Code   RO          586    i.Tx5Fifo_Get       esp8266.o
    0x00001dd4   0x00000024   Code   RO          587    i.Tx5Fifo_Init      esp8266.o
    0x00001df8   0x0000003c   Code   RO          588    i.Tx5Fifo_Put       esp8266.o
    0x00001e34   0x00000014   Code   RO          589    i.Tx5Fifo_Size      esp8266.o
    0x00001e48   0x0000003c   Code   RO           38    i.TxFifo_Get        uart.o
    0x00001e84   0x0000003c   Code   RO           40    i.TxFifo_Put        uart.o
    0x00001ec0   0x00000014   Code   RO           41    i.TxFifo_Size       uart.o
    0x00001ed4   0x00000058   Code   RO           42    i.UART0_Handler     uart.o
    0x00001f2c   0x00000058   Code   RO          590    i.UART5_Handler     esp8266.o
    0x00001f84   0x000000d8   Code   RO          591    i.UART5_Init        esp8266.o
    0x0000205c   0x00000034   Code   RO           49    i.UART_OutChar      uart.o
    0x00002090   0x00000018   Code   RO           50    i.UART_OutString    uart.o
    0x000020a8   0x00000028   Code   RO         1080    i.__0sprintf$6      mc_w.l(printf6.o)
    0x000020d0   0x00000008   Code   RO         1219    i.__aeabi_errno_addr  mc_w.l(errno.o)
    0x000020d8   0x0000000e   Code   RO         1273    i.__scatterload_copy  mc_w.l(handlers.o)
    0x000020e6   0x00000002   Code   RO         1274    i.__scatterload_null  mc_w.l(handlers.o)
    0x000020e8   0x0000000e   Code   RO         1275    i.__scatterload_zeroinit  mc_w.l(handlers.o)
    0x000020f6   0x00000002   PAD
    0x000020f8   0x000002f4   Code   RO         1085    i._printf_core      mc_w.l(printf6.o)
    0x000023ec   0x00000026   Code   RO         1086    i._printf_post_padding  mc_w.l(printf6.o)
    0x00002412   0x00000030   Code   RO         1087    i._printf_pre_padding  mc_w.l(printf6.o)
    0x00002442   0x0000000a   Code   RO         1089    i._sputc            mc_w.l(printf6.o)
    0x0000244c   0x00000180   Code   RO          768    i.alarm             controller.o
    0x000025cc   0x00000056   Code   RO          278    i.commandList       st7735.o
    0x00002622   0x00000002   PAD
    0x00002624   0x00000184   Code   RO          279    i.commonInit        st7735.o
    0x000027a8   0x00000028   Code   RO           53    i.copyHardwareToSoftware  uart.o
    0x000027d0   0x00000028   Code   RO          592    i.copyHardwareToSoftware5  esp8266.o
    0x000027f8   0x0000002c   Code   RO           54    i.copySoftwareToHardware  uart.o
    0x00002824   0x0000002c   Code   RO          593    i.copySoftwareToHardware5  esp8266.o
    0x00002850   0x0000001c   Code   RO          280    i.deselect          st7735.o
    0x0000286c   0x00000130   Code   RO          769    i.display           controller.o
    0x0000299c   0x000000c4   Code   RO          825    i.drawCircle        line.o
    0x00002a60   0x00000130   Code   RO          826    i.drawClockDigits   line.o
    0x00002b90   0x000000b8   Code   RO          827    i.drawHourHand      line.o
    0x00002c48   0x00000078   Code   RO          828    i.drawMinuteHand    line.o
    0x00002cc0   0x00000074   Code   RO          829    i.drawSecondHand    line.o
    0x00002d34   0x00000048   Code   RO          283    i.fillmessage       st7735.o
    0x00002d7c   0x00000098   Code   RO          174    i.main              blynk.o
    0x00002e14   0x00000144   Code   RO          770    i.menu              controller.o
    0x00002f58   0x00000012   Code   RO          285    i.pushColor         st7735.o
    0x00002f6a   0x00000002   PAD
    0x00002f6c   0x00000074   Code   RO          286    i.setAddrWindow     st7735.o
    0x00002fe0   0x0000013c   Code   RO          771    i.time              controller.o
    0x0000311c   0x00000038   Code   RO          287    i.writecommand      st7735.o
    0x00003154   0x00000020   Code   RO          288    i.writedata         st7735.o
    0x00003174   0x00000842   Data   RO          290    .constdata          st7735.o
    0x000039b6   0x00000210   Data   RO          831    .constdata          line.o
    0x00003bc6   0x00000081   Data   RO         1240    .constdata          mc_w.l(ctype_o.o)
    0x00003c47   0x00000001   PAD
    0x00003c48   0x00000004   Data   RO         1241    .constdata          mc_w.l(ctype_o.o)
    0x00003c4c   0x00000020   Data   RO         1271    Region$$Table       anon$$obj.o


    Execution Region ER_RW (Base: 0x20000000, Size: 0x00000110, Max: 0xffffffff, ABSOLUTE)

    Base Addr    Size         Type   Attr      Idx    E Section Name        Object

    0x20000000   0x00000010   Data   RW           56    .data               uart.o
    0x20000010   0x00000024   Data   RW          176    .data               blynk.o
    0x20000034   0x0000002c   Data   RW          291    .data               st7735.o
    0x20000060   0x00000004   Data   RW          534    .data               timer2.o
    0x20000064   0x00000004   Data   RW          555    .data               timer3.o
    0x20000068   0x00000094   Data   RW          595    .data               esp8266.o
    0x200000fc   0x0000000a   Data   RW          772    .data               controller.o
    0x20000106   0x00000002   PAD
    0x20000108   0x00000004   Data   RW          918    .data               mc_w.l(strtok.o)
    0x2000010c   0x00000004   Data   RW         1222    .data               mc_w.l(errno.o)


    Execution Region ER_ZI (Base: 0x20000110, Size: 0x00000810, Max: 0xffffffff, ABSOLUTE)

    Base Addr    Size         Type   Attr      Idx    E Section Name        Object

    0x20000110   0x00000080   Zero   RW           55    .bss                uart.o
    0x20000190   0x00000040   Zero   RW          175    .bss                blynk.o
    0x200001d0   0x0000000c   Zero   RW          289    .bss                st7735.o
    0x200001dc   0x00000340   Zero   RW          594    .bss                esp8266.o
    0x2000051c   0x00000004   PAD
    0x20000520   0x00000400   Zero   RW            1    STACK               startup.o


==============================================================================

Image component sizes


      Code (inc. data)   RO Data    RW Data    ZI Data      Debug   Object Name

       272         64          0          0          0       1946   alarm.o
       680        174          0         36         64       3693   blynk.o
      1528        528          0         10          0       4704   controller.o
      1982        618          0        148        832      10832   esp8266.o
      1614         24        528          0          0       5932   line.o
       124          6          0          0          0       4655   pll.o
       120         30          0          0          0       1558   portf.o
      2278        246       2114         44         12      15631   st7735.o
       672        622          0          0       1024        956   startup.o
       252         42          0          0          0       1332   timer0a.o
       120         28          0          4          0       1404   timer2.o
       120         30          0          4          0       1404   timer3.o
       468         76          0         16        128       5697   uart.o

    ----------------------------------------------------------------------
     10240       2488       2674        264       2064      59744   Object Totals
         0          0         32          0          0          0   (incl. Generated)
        10          0          0          2          4          0   (incl. Padding)

    ----------------------------------------------------------------------

      Code (inc. data)   RO Data    RW Data    ZI Data      Debug   Library Member Name

        28          0          0          0          0         68   _chval.o
       158          0          0          0          0         92   _strtoul.o
        26          0          0          0          0         80   atoi.o
         8          4        133          0          0         68   ctype_o.o
         0          0          0          0          0          0   entry.o
         0          0          0          0          0          0   entry10a.o
         0          0          0          0          0          0   entry11a.o
         8          4          0          0          0          0   entry2.o
         4          0          0          0          0          0   entry5.o
         0          0          0          0          0          0   entry7b.o
         0          0          0          0          0          0   entry8b.o
         8          4          0          0          0          0   entry9a.o
         8          4          0          4          0         68   errno.o
        30          0          0          0          0          0   handlers.o
        36          8          0          0          0         68   init.o
         0          0          0          0          0          0   iusefp.o
        30          0          0          0          0         68   llshl.o
        36          0          0          0          0         68   llsshr.o
        32          0          0          0          0         68   llushr.o
       892         12          0          0          0        420   printf6.o
        18          0          0          0          0         68   strcpy.o
        68          6          0          4          0         80   strtok.o
       112          0          0          0          0         88   strtol.o
        44          0          0          0          0         80   uidiv.o
        40          2          0          0          0         68   cdcmple.o
        40          2          0          0          0         68   cdrcmple.o
       334          0          0          0          0        148   dadd.o
       190          0          0          0          0        176   depilogue.o
        34          0          0          0          0         76   dflti.o
       228          0          0          0          0         96   dmul.o

    ----------------------------------------------------------------------
      2420         46        134          8          0       2016   Library Totals
         8          0          1          0          0          0   (incl. Padding)

    ----------------------------------------------------------------------

      Code (inc. data)   RO Data    RW Data    ZI Data      Debug   Library Name

      1546         42        133          8          0       1384   mc_w.l
       866          4          0          0          0        632   mf_w.l

    ----------------------------------------------------------------------
      2420         46        134          8          0       2016   Library Totals

    ----------------------------------------------------------------------

==============================================================================


      Code (inc. data)   RO Data    RW Data    ZI Data      Debug   

     12660       2534       2808        272       2064      56456   Grand Totals
     12660       2534       2808        272       2064      56456   ELF Image Totals
     12660       2534       2808        272          0          0   ROM Totals

==============================================================================

    Total RO  Size (Code + RO Data)                15468 (  15.11kB)
    Total RW  Size (RW Data + ZI Data)              2336 (   2.28kB)
    Total ROM Size (Code + RO Data + RW Data)      15740 (  15.37kB)

==============================================================================

